20:24:42 **** Incremental Build of configuration Debug for project test ****
make all 
make: Nothing to be done for 'all'.
20:24:44 **** Incremental Build of configuration Debug for project test ****
make all 
make: Nothing to be done for 'all'.
20:25:34 **** Incremental Build of configuration Debug for project test ****
make all 
make: Nothing to be done for 'all'.
02:28:36 **** Incremental Build of configuration Debug for project test ****
make all 
make: Nothing to be done for 'all'.
02:30:34 **** Auto Build of configuration Debug for project test ****
make all 
'Building file: ../src/main.c'
'Invoking: MicroBlaze gcc compiler'
mb-gcc -Wall -O0 -g3 -c -fmessage-length=0 -MT"src/main.o" -I../../test_bsp/microblaze_0/include -mlittle-endian -mcpu=v11.0 -mxl-soft-mul -Wl,--no-relax -ffunction-sections -fdata-sections -MMD -MP -MF"src/main.d" -MT"src/main.o" -o "src/main.o" "../src/main.c"
In file included from ../src/main.c:8:0:
../src/main.c: In function 'DemoInitialize':
../../test_bsp/microblaze_0/include/xparameters.h:591:38: warning: large integer implicitly truncated to unsigned type [-Woverflow]
 #define XPAR_AXI_UARTLITE_0_BASEADDR 0x40600000
                                      ^
../src/main.c:15:29: note: in expansion of macro 'XPAR_AXI_UARTLITE_0_BASEADDR'
 #define HOST_UART_DEVICE_ID XPAR_AXI_UARTLITE_0_BASEADDR
                             ^~~~~~~~~~~~~~~~~~~~~~~~~~~~
../src/main.c:51:33: note: in expansion of macro 'HOST_UART_DEVICE_ID'
  CfgPtr = HostUart_LookupConfig(HOST_UART_DEVICE_ID);
                                 ^~~~~~~~~~~~~~~~~~~
../src/main.c: In function 'DemoRun':
../src/main.c:110:42: warning: pointer targets in passing argument 1 of 'strlen' differ in signedness [-Wpointer-sign]
  ESP32_SendBuffer(&myESP32, cmd2, strlen(cmd2));
                                          ^~~~
In file included from c:\xilinx\sdk\2018.3\gnu\microblaze\nt\microblaze-xilinx-elf\include\ctype.h:4:0,
                 from ../../test_bsp/microblaze_0/include/xil_printf.h:8,
                 from ../src/main.c:9:
c:\xilinx\sdk\2018.3\gnu\microblaze\nt\microblaze-xilinx-elf\include\string.h:33:9: note: expected 'const char *' but argument is of type 'u8 * {aka unsigned char *}'
 size_t  _EXFUN(strlen,(const char *));
         ^
../src/main.c:114:42: warning: pointer targets in passing argument 1 of 'strlen' differ in signedness [-Wpointer-sign]
  ESP32_SendBuffer(&myESP32, cmd3, strlen(cmd3));
                                          ^~~~
In file included from c:\xilinx\sdk\2018.3\gnu\microblaze\nt\microblaze-xilinx-elf\include\ctype.h:4:0,
                 from ../../test_bsp/microblaze_0/include/xil_printf.h:8,
                 from ../src/main.c:9:
c:\xilinx\sdk\2018.3\gnu\microblaze\nt\microblaze-xilinx-elf\include\string.h:33:9: note: expected 'const char *' but argument is of type 'u8 * {aka unsigned char *}'
 size_t  _EXFUN(strlen,(const char *));
         ^
'Finished building: ../src/main.c'
' '
'Building target: test.elf'
'Invoking: MicroBlaze gcc linker'
mb-gcc -Wl,-T -Wl,../src/lscript.ld -L../../test_bsp/microblaze_0/lib -mlittle-endian -mcpu=v11.0 -mxl-soft-mul -Wl,--no-relax -Wl,--gc-sections -o "test.elf"  ./src/main.o ./src/main2.o   -Wl,--start-group,-lxil,-lgcc,-lc,--end-group
'Finished building target: test.elf'
' '
'Invoking: MicroBlaze Print Size'
mb-size test.elf  |tee "test.elf.size"
   text	   data	    bss	    dec	    hex	filename
  87020	   1488	   2348	  90856	  162e8	test.elf
'Finished building: test.elf.size'
' '
02:30:39 **** Incremental Build of configuration Debug for project test ****
make all 
make: Nothing to be done for 'all'.
02:31:32 **** Incremental Build of configuration Debug for project test ****
make all 
make: Nothing to be done for 'all'.
02:32:38 **** Auto Build of configuration Debug for project test ****
make all 
'Building file: ../src/main.c'
'Invoking: MicroBlaze gcc compiler'
mb-gcc -Wall -O0 -g3 -c -fmessage-length=0 -MT"src/main.o" -I../../test_bsp/microblaze_0/include -mlittle-endian -mcpu=v11.0 -mxl-soft-mul -Wl,--no-relax -ffunction-sections -fdata-sections -MMD -MP -MF"src/main.d" -MT"src/main.o" -o "src/main.o" "../src/main.c"
In file included from ../src/main.c:8:0:
../src/main.c: In function 'DemoInitialize':
../../test_bsp/microblaze_0/include/xparameters.h:591:38: warning: large integer implicitly truncated to unsigned type [-Woverflow]
 #define XPAR_AXI_UARTLITE_0_BASEADDR 0x40600000
                                      ^
../src/main.c:15:29: note: in expansion of macro 'XPAR_AXI_UARTLITE_0_BASEADDR'
 #define HOST_UART_DEVICE_ID XPAR_AXI_UARTLITE_0_BASEADDR
                             ^~~~~~~~~~~~~~~~~~~~~~~~~~~~
../src/main.c:51:33: note: in expansion of macro 'HOST_UART_DEVICE_ID'
  CfgPtr = HostUart_LookupConfig(HOST_UART_DEVICE_ID);
                                 ^~~~~~~~~~~~~~~~~~~
../src/main.c: In function 'DemoRun':
../src/main.c:111:42: warning: pointer targets in passing argument 1 of 'strlen' differ in signedness [-Wpointer-sign]
  ESP32_SendBuffer(&myESP32, cmd3, strlen(cmd3));
                                          ^~~~
In file included from c:\xilinx\sdk\2018.3\gnu\microblaze\nt\microblaze-xilinx-elf\include\ctype.h:4:0,
                 from ../../test_bsp/microblaze_0/include/xil_printf.h:8,
                 from ../src/main.c:9:
c:\xilinx\sdk\2018.3\gnu\microblaze\nt\microblaze-xilinx-elf\include\string.h:33:9: note: expected 'const char *' but argument is of type 'u8 * {aka unsigned char *}'
 size_t  _EXFUN(strlen,(const char *));
         ^
'Finished building: ../src/main.c'
' '
'Building target: test.elf'
'Invoking: MicroBlaze gcc linker'
mb-gcc -Wl,-T -Wl,../src/lscript.ld -L../../test_bsp/microblaze_0/lib -mlittle-endian -mcpu=v11.0 -mxl-soft-mul -Wl,--no-relax -Wl,--gc-sections -o "test.elf"  ./src/main.o ./src/main2.o   -Wl,--start-group,-lxil,-lgcc,-lc,--end-group
'Finished building target: test.elf'
' '
'Invoking: MicroBlaze Print Size'
mb-size test.elf  |tee "test.elf.size"
   text	   data	    bss	    dec	    hex	filename
  86888	   1488	   2344	  90720	  16260	test.elf
'Finished building: test.elf.size'
' '
02:32:42 **** Incremental Build of configuration Debug for project test ****
make all 
make: Nothing to be done for 'all'.
02:33:56 **** Auto Build of configuration Debug for project test ****
make all 
'Building file: ../src/main.c'
'Invoking: MicroBlaze gcc compiler'
mb-gcc -Wall -O0 -g3 -c -fmessage-length=0 -MT"src/main.o" -I../../test_bsp/microblaze_0/include -mlittle-endian -mcpu=v11.0 -mxl-soft-mul -Wl,--no-relax -ffunction-sections -fdata-sections -MMD -MP -MF"src/main.d" -MT"src/main.o" -o "src/main.o" "../src/main.c"
In file included from ../src/main.c:8:0:
../src/main.c: In function 'DemoInitialize':
../../test_bsp/microblaze_0/include/xparameters.h:591:38: warning: large integer implicitly truncated to unsigned type [-Woverflow]
 #define XPAR_AXI_UARTLITE_0_BASEADDR 0x40600000
                                      ^
../src/main.c:15:29: note: in expansion of macro 'XPAR_AXI_UARTLITE_0_BASEADDR'
 #define HOST_UART_DEVICE_ID XPAR_AXI_UARTLITE_0_BASEADDR
                             ^~~~~~~~~~~~~~~~~~~~~~~~~~~~
../src/main.c:51:33: note: in expansion of macro 'HOST_UART_DEVICE_ID'
  CfgPtr = HostUart_LookupConfig(HOST_UART_DEVICE_ID);
                                 ^~~~~~~~~~~~~~~~~~~
../src/main.c: In function 'DemoRun':
../src/main.c:111:42: warning: pointer targets in passing argument 1 of 'strlen' differ in signedness [-Wpointer-sign]
  ESP32_SendBuffer(&myESP32, cmd3, strlen(cmd3));
                                          ^~~~
In file included from c:\xilinx\sdk\2018.3\gnu\microblaze\nt\microblaze-xilinx-elf\include\ctype.h:4:0,
                 from ../../test_bsp/microblaze_0/include/xil_printf.h:8,
                 from ../src/main.c:9:
c:\xilinx\sdk\2018.3\gnu\microblaze\nt\microblaze-xilinx-elf\include\string.h:33:9: note: expected 'const char *' but argument is of type 'u8 * {aka unsigned char *}'
 size_t  _EXFUN(strlen,(const char *));
         ^
'Finished building: ../src/main.c'
' '
'Building target: test.elf'
'Invoking: MicroBlaze gcc linker'
mb-gcc -Wl,-T -Wl,../src/lscript.ld -L../../test_bsp/microblaze_0/lib -mlittle-endian -mcpu=v11.0 -mxl-soft-mul -Wl,--no-relax -Wl,--gc-sections -o "test.elf"  ./src/main.o ./src/main2.o   -Wl,--start-group,-lxil,-lgcc,-lc,--end-group
'Finished building target: test.elf'
' '
'Invoking: MicroBlaze Print Size'
mb-size test.elf  |tee "test.elf.size"
   text	   data	    bss	    dec	    hex	filename
  86664	   1488	   2344	  90496	  16180	test.elf
'Finished building: test.elf.size'
' '
02:34:00 **** Incremental Build of configuration Debug for project test ****
make all 
make: Nothing to be done for 'all'.
02:35:12 **** Auto Build of configuration Debug for project test ****
make all 
'Building file: ../src/main.c'
'Invoking: MicroBlaze gcc compiler'
mb-gcc -Wall -O0 -g3 -c -fmessage-length=0 -MT"src/main.o" -I../../test_bsp/microblaze_0/include -mlittle-endian -mcpu=v11.0 -mxl-soft-mul -Wl,--no-relax -ffunction-sections -fdata-sections -MMD -MP -MF"src/main.d" -MT"src/main.o" -o "src/main.o" "../src/main.c"
In file included from ../src/main.c:8:0:
../src/main.c: In function 'DemoInitialize':
../../test_bsp/microblaze_0/include/xparameters.h:591:38: warning: large integer implicitly truncated to unsigned type [-Woverflow]
 #define XPAR_AXI_UARTLITE_0_BASEADDR 0x40600000
                                      ^
../src/main.c:15:29: note: in expansion of macro 'XPAR_AXI_UARTLITE_0_BASEADDR'
 #define HOST_UART_DEVICE_ID XPAR_AXI_UARTLITE_0_BASEADDR
                             ^~~~~~~~~~~~~~~~~~~~~~~~~~~~
../src/main.c:51:33: note: in expansion of macro 'HOST_UART_DEVICE_ID'
  CfgPtr = HostUart_LookupConfig(HOST_UART_DEVICE_ID);
                                 ^~~~~~~~~~~~~~~~~~~
../src/main.c: In function 'DemoRun':
../src/main.c:111:42: warning: pointer targets in passing argument 1 of 'strlen' differ in signedness [-Wpointer-sign]
  ESP32_SendBuffer(&myESP32, cmd3, strlen(cmd3));
                                          ^~~~
In file included from c:\xilinx\sdk\2018.3\gnu\microblaze\nt\microblaze-xilinx-elf\include\ctype.h:4:0,
                 from ../../test_bsp/microblaze_0/include/xil_printf.h:8,
                 from ../src/main.c:9:
c:\xilinx\sdk\2018.3\gnu\microblaze\nt\microblaze-xilinx-elf\include\string.h:33:9: note: expected 'const char *' but argument is of type 'u8 * {aka unsigned char *}'
 size_t  _EXFUN(strlen,(const char *));
         ^
'Finished building: ../src/main.c'
' '
'Building target: test.elf'
'Invoking: MicroBlaze gcc linker'
mb-gcc -Wl,-T -Wl,../src/lscript.ld -L../../test_bsp/microblaze_0/lib -mlittle-endian -mcpu=v11.0 -mxl-soft-mul -Wl,--no-relax -Wl,--gc-sections -o "test.elf"  ./src/main.o ./src/main2.o   -Wl,--start-group,-lxil,-lgcc,-lc,--end-group
'Finished building target: test.elf'
' '
'Invoking: MicroBlaze Print Size'
mb-size test.elf  |tee "test.elf.size"
   text	   data	    bss	    dec	    hex	filename
  86420	   1488	   2348	  90256	  16090	test.elf
'Finished building: test.elf.size'
' '
02:35:32 **** Auto Build of configuration Debug for project test ****
make all 
'Building file: ../src/main.c'
'Invoking: MicroBlaze gcc compiler'
mb-gcc -Wall -O0 -g3 -c -fmessage-length=0 -MT"src/main.o" -I../../test_bsp/microblaze_0/include -mlittle-endian -mcpu=v11.0 -mxl-soft-mul -Wl,--no-relax -ffunction-sections -fdata-sections -MMD -MP -MF"src/main.d" -MT"src/main.o" -o "src/main.o" "../src/main.c"
In file included from ../src/main.c:8:0:
../src/main.c: In function 'DemoInitialize':
../../test_bsp/microblaze_0/include/xparameters.h:591:38: warning: large integer implicitly truncated to unsigned type [-Woverflow]
 #define XPAR_AXI_UARTLITE_0_BASEADDR 0x40600000
                                      ^
../src/main.c:15:29: note: in expansion of macro 'XPAR_AXI_UARTLITE_0_BASEADDR'
 #define HOST_UART_DEVICE_ID XPAR_AXI_UARTLITE_0_BASEADDR
                             ^~~~~~~~~~~~~~~~~~~~~~~~~~~~
../src/main.c:51:33: note: in expansion of macro 'HOST_UART_DEVICE_ID'
  CfgPtr = HostUart_LookupConfig(HOST_UART_DEVICE_ID);
                                 ^~~~~~~~~~~~~~~~~~~
../src/main.c: In function 'DemoRun':
../src/main.c:111:42: warning: pointer targets in passing argument 1 of 'strlen' differ in signedness [-Wpointer-sign]
  ESP32_SendBuffer(&myESP32, cmd3, strlen(cmd3));
                                          ^~~~
In file included from c:\xilinx\sdk\2018.3\gnu\microblaze\nt\microblaze-xilinx-elf\include\ctype.h:4:0,
                 from ../../test_bsp/microblaze_0/include/xil_printf.h:8,
                 from ../src/main.c:9:
c:\xilinx\sdk\2018.3\gnu\microblaze\nt\microblaze-xilinx-elf\include\string.h:33:9: note: expected 'const char *' but argument is of type 'u8 * {aka unsigned char *}'
 size_t  _EXFUN(strlen,(const char *));
         ^
'Finished building: ../src/main.c'
' '
'Building target: test.elf'
'Invoking: MicroBlaze gcc linker'
mb-gcc -Wl,-T -Wl,../src/lscript.ld -L../../test_bsp/microblaze_0/lib -mlittle-endian -mcpu=v11.0 -mxl-soft-mul -Wl,--no-relax -Wl,--gc-sections -o "test.elf"  ./src/main.o ./src/main2.o   -Wl,--start-group,-lxil,-lgcc,-lc,--end-group
'Finished building target: test.elf'
' '
'Invoking: MicroBlaze Print Size'
mb-size test.elf  |tee "test.elf.size"
   text	   data	    bss	    dec	    hex	filename
  86432	   1488	   2344	  90264	  16098	test.elf
'Finished building: test.elf.size'
' '
02:35:41 **** Incremental Build of configuration Debug for project test ****
make all 
make: Nothing to be done for 'all'.
02:36:30 **** Incremental Build of configuration Debug for project test ****
make all 
make: Nothing to be done for 'all'.
02:38:11 **** Auto Build of configuration Debug for project test ****
make all 
'Building file: ../src/main.c'
'Invoking: MicroBlaze gcc compiler'
mb-gcc -Wall -O0 -g3 -c -fmessage-length=0 -MT"src/main.o" -I../../test_bsp/microblaze_0/include -mlittle-endian -mcpu=v11.0 -mxl-soft-mul -Wl,--no-relax -ffunction-sections -fdata-sections -MMD -MP -MF"src/main.d" -MT"src/main.o" -o "src/main.o" "../src/main.c"
In file included from ../src/main.c:8:0:
../src/main.c: In function 'DemoInitialize':
../../test_bsp/microblaze_0/include/xparameters.h:591:38: warning: large integer implicitly truncated to unsigned type [-Woverflow]
 #define XPAR_AXI_UARTLITE_0_BASEADDR 0x40600000
                                      ^
../src/main.c:15:29: note: in expansion of macro 'XPAR_AXI_UARTLITE_0_BASEADDR'
 #define HOST_UART_DEVICE_ID XPAR_AXI_UARTLITE_0_BASEADDR
                             ^~~~~~~~~~~~~~~~~~~~~~~~~~~~
../src/main.c:51:33: note: in expansion of macro 'HOST_UART_DEVICE_ID'
  CfgPtr = HostUart_LookupConfig(HOST_UART_DEVICE_ID);
                                 ^~~~~~~~~~~~~~~~~~~
../src/main.c: In function 'DemoRun':
../src/main.c:111:42: warning: pointer targets in passing argument 1 of 'strlen' differ in signedness [-Wpointer-sign]
  ESP32_SendBuffer(&myESP32, cmd3, strlen(cmd3));
                                          ^~~~
In file included from c:\xilinx\sdk\2018.3\gnu\microblaze\nt\microblaze-xilinx-elf\include\ctype.h:4:0,
                 from ../../test_bsp/microblaze_0/include/xil_printf.h:8,
                 from ../src/main.c:9:
c:\xilinx\sdk\2018.3\gnu\microblaze\nt\microblaze-xilinx-elf\include\string.h:33:9: note: expected 'const char *' but argument is of type 'u8 * {aka unsigned char *}'
 size_t  _EXFUN(strlen,(const char *));
         ^
'Finished building: ../src/main.c'
' '
'Building target: test.elf'
'Invoking: MicroBlaze gcc linker'
mb-gcc -Wl,-T -Wl,../src/lscript.ld -L../../test_bsp/microblaze_0/lib -mlittle-endian -mcpu=v11.0 -mxl-soft-mul -Wl,--no-relax -Wl,--gc-sections -o "test.elf"  ./src/main.o ./src/main2.o   -Wl,--start-group,-lxil,-lgcc,-lc,--end-group
'Finished building target: test.elf'
' '
'Invoking: MicroBlaze Print Size'
mb-size test.elf  |tee "test.elf.size"
   text	   data	    bss	    dec	    hex	filename
  86488	   1488	   2344	  90320	  160d0	test.elf
'Finished building: test.elf.size'
' '
02:38:14 **** Incremental Build of configuration Debug for project test ****
make all 
make: Nothing to be done for 'all'.
02:38:54 **** Incremental Build of configuration Debug for project test ****
make all 
make: Nothing to be done for 'all'.
02:43:40 **** Auto Build of configuration Debug for project test ****
make all 
'Building file: ../src/main.c'
'Invoking: MicroBlaze gcc compiler'
mb-gcc -Wall -O0 -g3 -c -fmessage-length=0 -MT"src/main.o" -I../../test_bsp/microblaze_0/include -mlittle-endian -mcpu=v11.0 -mxl-soft-mul -Wl,--no-relax -ffunction-sections -fdata-sections -MMD -MP -MF"src/main.d" -MT"src/main.o" -o "src/main.o" "../src/main.c"
In file included from ../src/main.c:8:0:
../src/main.c: In function 'DemoInitialize':
../../test_bsp/microblaze_0/include/xparameters.h:591:38: warning: large integer implicitly truncated to unsigned type [-Woverflow]
 #define XPAR_AXI_UARTLITE_0_BASEADDR 0x40600000
                                      ^
../src/main.c:15:29: note: in expansion of macro 'XPAR_AXI_UARTLITE_0_BASEADDR'
 #define HOST_UART_DEVICE_ID XPAR_AXI_UARTLITE_0_BASEADDR
                             ^~~~~~~~~~~~~~~~~~~~~~~~~~~~
../src/main.c:51:33: note: in expansion of macro 'HOST_UART_DEVICE_ID'
  CfgPtr = HostUart_LookupConfig(HOST_UART_DEVICE_ID);
                                 ^~~~~~~~~~~~~~~~~~~
../src/main.c: In function 'DemoRun':
../src/main.c:111:42: warning: pointer targets in passing argument 1 of 'strlen' differ in signedness [-Wpointer-sign]
  ESP32_SendBuffer(&myESP32, cmd3, strlen(cmd3));
                                          ^~~~
In file included from c:\xilinx\sdk\2018.3\gnu\microblaze\nt\microblaze-xilinx-elf\include\ctype.h:4:0,
                 from ../../test_bsp/microblaze_0/include/xil_printf.h:8,
                 from ../src/main.c:9:
c:\xilinx\sdk\2018.3\gnu\microblaze\nt\microblaze-xilinx-elf\include\string.h:33:9: note: expected 'const char *' but argument is of type 'u8 * {aka unsigned char *}'
 size_t  _EXFUN(strlen,(const char *));
         ^
'Finished building: ../src/main.c'
' '
'Building target: test.elf'
'Invoking: MicroBlaze gcc linker'
mb-gcc -Wl,-T -Wl,../src/lscript.ld -L../../test_bsp/microblaze_0/lib -mlittle-endian -mcpu=v11.0 -mxl-soft-mul -Wl,--no-relax -Wl,--gc-sections -o "test.elf"  ./src/main.o ./src/main2.o   -Wl,--start-group,-lxil,-lgcc,-lc,--end-group
'Finished building target: test.elf'
' '
'Invoking: MicroBlaze Print Size'
mb-size test.elf  |tee "test.elf.size"
   text	   data	    bss	    dec	    hex	filename
  86664	   1488	   2344	  90496	  16180	test.elf
'Finished building: test.elf.size'
' '
02:44:04 **** Auto Build of configuration Debug for project test ****
make all 
'Building file: ../src/main.c'
'Invoking: MicroBlaze gcc compiler'
mb-gcc -Wall -O0 -g3 -c -fmessage-length=0 -MT"src/main.o" -I../../test_bsp/microblaze_0/include -mlittle-endian -mcpu=v11.0 -mxl-soft-mul -Wl,--no-relax -ffunction-sections -fdata-sections -MMD -MP -MF"src/main.d" -MT"src/main.o" -o "src/main.o" "../src/main.c"
In file included from ../src/main.c:8:0:
../src/main.c: In function 'DemoInitialize':
../../test_bsp/microblaze_0/include/xparameters.h:591:38: warning: large integer implicitly truncated to unsigned type [-Woverflow]
 #define XPAR_AXI_UARTLITE_0_BASEADDR 0x40600000
                                      ^
../src/main.c:15:29: note: in expansion of macro 'XPAR_AXI_UARTLITE_0_BASEADDR'
 #define HOST_UART_DEVICE_ID XPAR_AXI_UARTLITE_0_BASEADDR
                             ^~~~~~~~~~~~~~~~~~~~~~~~~~~~
../src/main.c:51:33: note: in expansion of macro 'HOST_UART_DEVICE_ID'
  CfgPtr = HostUart_LookupConfig(HOST_UART_DEVICE_ID);
                                 ^~~~~~~~~~~~~~~~~~~
../src/main.c: In function 'DemoRun':
../src/main.c:111:42: warning: pointer targets in passing argument 1 of 'strlen' differ in signedness [-Wpointer-sign]
  ESP32_SendBuffer(&myESP32, cmd3, strlen(cmd3));
                                          ^~~~
In file included from c:\xilinx\sdk\2018.3\gnu\microblaze\nt\microblaze-xilinx-elf\include\ctype.h:4:0,
                 from ../../test_bsp/microblaze_0/include/xil_printf.h:8,
                 from ../src/main.c:9:
c:\xilinx\sdk\2018.3\gnu\microblaze\nt\microblaze-xilinx-elf\include\string.h:33:9: note: expected 'const char *' but argument is of type 'u8 * {aka unsigned char *}'
 size_t  _EXFUN(strlen,(const char *));
         ^
'Finished building: ../src/main.c'
' '
'Building target: test.elf'
'Invoking: MicroBlaze gcc linker'
mb-gcc -Wl,-T -Wl,../src/lscript.ld -L../../test_bsp/microblaze_0/lib -mlittle-endian -mcpu=v11.0 -mxl-soft-mul -Wl,--no-relax -Wl,--gc-sections -o "test.elf"  ./src/main.o ./src/main2.o   -Wl,--start-group,-lxil,-lgcc,-lc,--end-group
'Finished building target: test.elf'
' '
'Invoking: MicroBlaze Print Size'
mb-size test.elf  |tee "test.elf.size"
   text	   data	    bss	    dec	    hex	filename
  86864	   1488	   2344	  90696	  16248	test.elf
'Finished building: test.elf.size'
' '
02:44:16 **** Auto Build of configuration Debug for project test ****
make all 
'Building file: ../src/main.c'
'Invoking: MicroBlaze gcc compiler'
mb-gcc -Wall -O0 -g3 -c -fmessage-length=0 -MT"src/main.o" -I../../test_bsp/microblaze_0/include -mlittle-endian -mcpu=v11.0 -mxl-soft-mul -Wl,--no-relax -ffunction-sections -fdata-sections -MMD -MP -MF"src/main.d" -MT"src/main.o" -o "src/main.o" "../src/main.c"
In file included from ../src/main.c:8:0:
../src/main.c: In function 'DemoInitialize':
../../test_bsp/microblaze_0/include/xparameters.h:591:38: warning: large integer implicitly truncated to unsigned type [-Woverflow]
 #define XPAR_AXI_UARTLITE_0_BASEADDR 0x40600000
                                      ^
../src/main.c:15:29: note: in expansion of macro 'XPAR_AXI_UARTLITE_0_BASEADDR'
 #define HOST_UART_DEVICE_ID XPAR_AXI_UARTLITE_0_BASEADDR
                             ^~~~~~~~~~~~~~~~~~~~~~~~~~~~
../src/main.c:51:33: note: in expansion of macro 'HOST_UART_DEVICE_ID'
  CfgPtr = HostUart_LookupConfig(HOST_UART_DEVICE_ID);
                                 ^~~~~~~~~~~~~~~~~~~
../src/main.c: In function 'DemoRun':
../src/main.c:111:42: warning: pointer targets in passing argument 1 of 'strlen' differ in signedness [-Wpointer-sign]
  ESP32_SendBuffer(&myESP32, cmd3, strlen(cmd3));
                                          ^~~~
In file included from c:\xilinx\sdk\2018.3\gnu\microblaze\nt\microblaze-xilinx-elf\include\ctype.h:4:0,
                 from ../../test_bsp/microblaze_0/include/xil_printf.h:8,
                 from ../src/main.c:9:
c:\xilinx\sdk\2018.3\gnu\microblaze\nt\microblaze-xilinx-elf\include\string.h:33:9: note: expected 'const char *' but argument is of type 'u8 * {aka unsigned char *}'
 size_t  _EXFUN(strlen,(const char *));
         ^
'Finished building: ../src/main.c'
' '
'Building target: test.elf'
'Invoking: MicroBlaze gcc linker'
mb-gcc -Wl,-T -Wl,../src/lscript.ld -L../../test_bsp/microblaze_0/lib -mlittle-endian -mcpu=v11.0 -mxl-soft-mul -Wl,--no-relax -Wl,--gc-sections -o "test.elf"  ./src/main.o ./src/main2.o   -Wl,--start-group,-lxil,-lgcc,-lc,--end-group
'Finished building target: test.elf'
' '
'Invoking: MicroBlaze Print Size'
mb-size test.elf  |tee "test.elf.size"
   text	   data	    bss	    dec	    hex	filename
  86796	   1488	   2348	  90632	  16208	test.elf
'Finished building: test.elf.size'
' '
02:46:14 **** Auto Build of configuration Debug for project test ****
make all 
'Building file: ../src/main.c'
'Invoking: MicroBlaze gcc compiler'
mb-gcc -Wall -O0 -g3 -c -fmessage-length=0 -MT"src/main.o" -I../../test_bsp/microblaze_0/include -mlittle-endian -mcpu=v11.0 -mxl-soft-mul -Wl,--no-relax -ffunction-sections -fdata-sections -MMD -MP -MF"src/main.d" -MT"src/main.o" -o "src/main.o" "../src/main.c"
In file included from ../src/main.c:8:0:
../src/main.c: In function 'DemoInitialize':
../../test_bsp/microblaze_0/include/xparameters.h:591:38: warning: large integer implicitly truncated to unsigned type [-Woverflow]
 #define XPAR_AXI_UARTLITE_0_BASEADDR 0x40600000
                                      ^
../src/main.c:15:29: note: in expansion of macro 'XPAR_AXI_UARTLITE_0_BASEADDR'
 #define HOST_UART_DEVICE_ID XPAR_AXI_UARTLITE_0_BASEADDR
                             ^~~~~~~~~~~~~~~~~~~~~~~~~~~~
../src/main.c:51:33: note: in expansion of macro 'HOST_UART_DEVICE_ID'
  CfgPtr = HostUart_LookupConfig(HOST_UART_DEVICE_ID);
                                 ^~~~~~~~~~~~~~~~~~~
../src/main.c: In function 'DemoRun':
../src/main.c:111:42: warning: pointer targets in passing argument 1 of 'strlen' differ in signedness [-Wpointer-sign]
  ESP32_SendBuffer(&myESP32, cmd3, strlen(cmd3));
                                          ^~~~
In file included from c:\xilinx\sdk\2018.3\gnu\microblaze\nt\microblaze-xilinx-elf\include\ctype.h:4:0,
                 from ../../test_bsp/microblaze_0/include/xil_printf.h:8,
                 from ../src/main.c:9:
c:\xilinx\sdk\2018.3\gnu\microblaze\nt\microblaze-xilinx-elf\include\string.h:33:9: note: expected 'const char *' but argument is of type 'u8 * {aka unsigned char *}'
 size_t  _EXFUN(strlen,(const char *));
         ^
'Finished building: ../src/main.c'
' '
'Building target: test.elf'
'Invoking: MicroBlaze gcc linker'
mb-gcc -Wl,-T -Wl,../src/lscript.ld -L../../test_bsp/microblaze_0/lib -mlittle-endian -mcpu=v11.0 -mxl-soft-mul -Wl,--no-relax -Wl,--gc-sections -o "test.elf"  ./src/main.o ./src/main2.o   -Wl,--start-group,-lxil,-lgcc,-lc,--end-group
'Finished building target: test.elf'
' '
'Invoking: MicroBlaze Print Size'
mb-size test.elf  |tee "test.elf.size"
   text	   data	    bss	    dec	    hex	filename
  86640	   1488	   2344	  90472	  16168	test.elf
'Finished building: test.elf.size'
' '
02:48:04 **** Auto Build of configuration Debug for project test ****
make all 
'Building file: ../src/main.c'
'Invoking: MicroBlaze gcc compiler'
mb-gcc -Wall -O0 -g3 -c -fmessage-length=0 -MT"src/main.o" -I../../test_bsp/microblaze_0/include -mlittle-endian -mcpu=v11.0 -mxl-soft-mul -Wl,--no-relax -ffunction-sections -fdata-sections -MMD -MP -MF"src/main.d" -MT"src/main.o" -o "src/main.o" "../src/main.c"
In file included from ../src/main.c:8:0:
../src/main.c: In function 'DemoInitialize':
../../test_bsp/microblaze_0/include/xparameters.h:591:38: warning: large integer implicitly truncated to unsigned type [-Woverflow]
 #define XPAR_AXI_UARTLITE_0_BASEADDR 0x40600000
                                      ^
../src/main.c:15:29: note: in expansion of macro 'XPAR_AXI_UARTLITE_0_BASEADDR'
 #define HOST_UART_DEVICE_ID XPAR_AXI_UARTLITE_0_BASEADDR
                             ^~~~~~~~~~~~~~~~~~~~~~~~~~~~
../src/main.c:51:33: note: in expansion of macro 'HOST_UART_DEVICE_ID'
  CfgPtr = HostUart_LookupConfig(HOST_UART_DEVICE_ID);
                                 ^~~~~~~~~~~~~~~~~~~
../src/main.c: In function 'DemoRun':
../src/main.c:111:42: warning: pointer targets in passing argument 1 of 'strlen' differ in signedness [-Wpointer-sign]
  ESP32_SendBuffer(&myESP32, cmd3, strlen(cmd3));
                                          ^~~~
In file included from c:\xilinx\sdk\2018.3\gnu\microblaze\nt\microblaze-xilinx-elf\include\ctype.h:4:0,
                 from ../../test_bsp/microblaze_0/include/xil_printf.h:8,
                 from ../src/main.c:9:
c:\xilinx\sdk\2018.3\gnu\microblaze\nt\microblaze-xilinx-elf\include\string.h:33:9: note: expected 'const char *' but argument is of type 'u8 * {aka unsigned char *}'
 size_t  _EXFUN(strlen,(const char *));
         ^
'Finished building: ../src/main.c'
' '
'Building target: test.elf'
'Invoking: MicroBlaze gcc linker'
mb-gcc -Wl,-T -Wl,../src/lscript.ld -L../../test_bsp/microblaze_0/lib -mlittle-endian -mcpu=v11.0 -mxl-soft-mul -Wl,--no-relax -Wl,--gc-sections -o "test.elf"  ./src/main.o ./src/main2.o   -Wl,--start-group,-lxil,-lgcc,-lc,--end-group
'Finished building target: test.elf'
' '
'Invoking: MicroBlaze Print Size'
mb-size test.elf  |tee "test.elf.size"
   text	   data	    bss	    dec	    hex	filename
  86640	   1488	   2344	  90472	  16168	test.elf
'Finished building: test.elf.size'
' '
02:49:23 **** Auto Build of configuration Debug for project test ****
make all 
'Building file: ../src/main.c'
'Invoking: MicroBlaze gcc compiler'
mb-gcc -Wall -O0 -g3 -c -fmessage-length=0 -MT"src/main.o" -I../../test_bsp/microblaze_0/include -mlittle-endian -mcpu=v11.0 -mxl-soft-mul -Wl,--no-relax -ffunction-sections -fdata-sections -MMD -MP -MF"src/main.d" -MT"src/main.o" -o "src/main.o" "../src/main.c"
In file included from ../src/main.c:8:0:
../src/main.c: In function 'DemoInitialize':
../../test_bsp/microblaze_0/include/xparameters.h:591:38: warning: large integer implicitly truncated to unsigned type [-Woverflow]
 #define XPAR_AXI_UARTLITE_0_BASEADDR 0x40600000
                                      ^
../src/main.c:15:29: note: in expansion of macro 'XPAR_AXI_UARTLITE_0_BASEADDR'
 #define HOST_UART_DEVICE_ID XPAR_AXI_UARTLITE_0_BASEADDR
                             ^~~~~~~~~~~~~~~~~~~~~~~~~~~~
../src/main.c:51:33: note: in expansion of macro 'HOST_UART_DEVICE_ID'
  CfgPtr = HostUart_LookupConfig(HOST_UART_DEVICE_ID);
                                 ^~~~~~~~~~~~~~~~~~~
../src/main.c: In function 'DemoRun':
../src/main.c:111:42: warning: pointer targets in passing argument 1 of 'strlen' differ in signedness [-Wpointer-sign]
  ESP32_SendBuffer(&myESP32, cmd3, strlen(cmd3));
                                          ^~~~
In file included from c:\xilinx\sdk\2018.3\gnu\microblaze\nt\microblaze-xilinx-elf\include\ctype.h:4:0,
                 from ../../test_bsp/microblaze_0/include/xil_printf.h:8,
                 from ../src/main.c:9:
c:\xilinx\sdk\2018.3\gnu\microblaze\nt\microblaze-xilinx-elf\include\string.h:33:9: note: expected 'const char *' but argument is of type 'u8 * {aka unsigned char *}'
 size_t  _EXFUN(strlen,(const char *));
         ^
'Finished building: ../src/main.c'
' '
'Building target: test.elf'
'Invoking: MicroBlaze gcc linker'
mb-gcc -Wl,-T -Wl,../src/lscript.ld -L../../test_bsp/microblaze_0/lib -mlittle-endian -mcpu=v11.0 -mxl-soft-mul -Wl,--no-relax -Wl,--gc-sections -o "test.elf"  ./src/main.o ./src/main2.o   -Wl,--start-group,-lxil,-lgcc,-lc,--end-group
'Finished building target: test.elf'
' '
'Invoking: MicroBlaze Print Size'
mb-size test.elf  |tee "test.elf.size"
   text	   data	    bss	    dec	    hex	filename
  10184	    324	   2268	  12776	   31e8	test.elf
'Finished building: test.elf.size'
' '
02:49:36 **** Auto Build of configuration Debug for project test ****
make all 
'Building file: ../src/main.c'
'Invoking: MicroBlaze gcc compiler'
mb-gcc -Wall -O0 -g3 -c -fmessage-length=0 -MT"src/main.o" -I../../test_bsp/microblaze_0/include -mlittle-endian -mcpu=v11.0 -mxl-soft-mul -Wl,--no-relax -ffunction-sections -fdata-sections -MMD -MP -MF"src/main.d" -MT"src/main.o" -o "src/main.o" "../src/main.c"
In file included from ../src/main.c:8:0:
../src/main.c: In function 'DemoInitialize':
../../test_bsp/microblaze_0/include/xparameters.h:591:38: warning: large integer implicitly truncated to unsigned type [-Woverflow]
 #define XPAR_AXI_UARTLITE_0_BASEADDR 0x40600000
                                      ^
../src/main.c:15:29: note: in expansion of macro 'XPAR_AXI_UARTLITE_0_BASEADDR'
 #define HOST_UART_DEVICE_ID XPAR_AXI_UARTLITE_0_BASEADDR
                             ^~~~~~~~~~~~~~~~~~~~~~~~~~~~
../src/main.c:51:33: note: in expansion of macro 'HOST_UART_DEVICE_ID'
  CfgPtr = HostUart_LookupConfig(HOST_UART_DEVICE_ID);
                                 ^~~~~~~~~~~~~~~~~~~
../src/main.c: In function 'DemoRun':
../src/main.c:111:42: warning: pointer targets in passing argument 1 of 'strlen' differ in signedness [-Wpointer-sign]
  ESP32_SendBuffer(&myESP32, cmd3, strlen(cmd3));
                                          ^~~~
In file included from c:\xilinx\sdk\2018.3\gnu\microblaze\nt\microblaze-xilinx-elf\include\ctype.h:4:0,
                 from ../../test_bsp/microblaze_0/include/xil_printf.h:8,
                 from ../src/main.c:9:
c:\xilinx\sdk\2018.3\gnu\microblaze\nt\microblaze-xilinx-elf\include\string.h:33:9: note: expected 'const char *' but argument is of type 'u8 * {aka unsigned char *}'
 size_t  _EXFUN(strlen,(const char *));
         ^
'Finished building: ../src/main.c'
' '
'Building target: test.elf'
'Invoking: MicroBlaze gcc linker'
mb-gcc -Wl,-T -Wl,../src/lscript.ld -L../../test_bsp/microblaze_0/lib -mlittle-endian -mcpu=v11.0 -mxl-soft-mul -Wl,--no-relax -Wl,--gc-sections -o "test.elf"  ./src/main.o ./src/main2.o   -Wl,--start-group,-lxil,-lgcc,-lc,--end-group
'Finished building target: test.elf'
' '
'Invoking: MicroBlaze Print Size'
mb-size test.elf  |tee "test.elf.size"
   text	   data	    bss	    dec	    hex	filename
  10128	    324	   2268	  12720	   31b0	test.elf
'Finished building: test.elf.size'
' '
02:49:49 **** Incremental Build of configuration Debug for project test ****
make all 
make: Nothing to be done for 'all'.
02:51:06 **** Incremental Build of configuration Debug for project test ****
make all 
make: Nothing to be done for 'all'.
02:57:14 **** Incremental Build of configuration Debug for project test ****
make all 
make: Nothing to be done for 'all'.
10:30:55 **** Auto Build of configuration Debug for project test ****
make all 
'Building file: ../src/main.c'
'Invoking: MicroBlaze gcc compiler'
mb-gcc -Wall -O0 -g3 -c -fmessage-length=0 -MT"src/main.o" -I../../test_bsp/microblaze_0/include -mlittle-endian -mcpu=v11.0 -mxl-soft-mul -Wl,--no-relax -ffunction-sections -fdata-sections -MMD -MP -MF"src/main.d" -MT"src/main.o" -o "src/main.o" "../src/main.c"
In file included from ../src/main.c:8:0:
../src/main.c: In function 'DemoInitialize':
../../test_bsp/microblaze_0/include/xparameters.h:591:38: warning: large integer implicitly truncated to unsigned type [-Woverflow]
 #define XPAR_AXI_UARTLITE_0_BASEADDR 0x40600000
                                      ^
../src/main.c:15:29: note: in expansion of macro 'XPAR_AXI_UARTLITE_0_BASEADDR'
 #define HOST_UART_DEVICE_ID XPAR_AXI_UARTLITE_0_BASEADDR
                             ^~~~~~~~~~~~~~~~~~~~~~~~~~~~
../src/main.c:56:33: note: in expansion of macro 'HOST_UART_DEVICE_ID'
  CfgPtr = HostUart_LookupConfig(HOST_UART_DEVICE_ID);
                                 ^~~~~~~~~~~~~~~~~~~
../src/main.c: In function 'DemoRun':
../src/main.c:116:42: warning: pointer targets in passing argument 1 of 'strlen' differ in signedness [-Wpointer-sign]
  ESP32_SendBuffer(&myESP32, cmd3, strlen(cmd3));
                                          ^~~~
In file included from c:\xilinx\sdk\2018.3\gnu\microblaze\nt\microblaze-xilinx-elf\include\ctype.h:4:0,
                 from ../../test_bsp/microblaze_0/include/xil_printf.h:8,
                 from ../src/main.c:9:
c:\xilinx\sdk\2018.3\gnu\microblaze\nt\microblaze-xilinx-elf\include\string.h:33:9: note: expected 'const char *' but argument is of type 'u8 * {aka unsigned char *}'
 size_t  _EXFUN(strlen,(const char *));
         ^
'Finished building: ../src/main.c'
' '
'Building target: test.elf'
'Invoking: MicroBlaze gcc linker'
mb-gcc -Wl,-T -Wl,../src/lscript.ld -L../../test_bsp/microblaze_0/lib -mlittle-endian -mcpu=v11.0 -mxl-soft-mul -Wl,--no-relax -Wl,--gc-sections -o "test.elf"  ./src/main.o ./src/main2.o   -Wl,--start-group,-lxil,-lgcc,-lc,--end-group
'Finished building target: test.elf'
' '
'Invoking: MicroBlaze Print Size'
mb-size test.elf  |tee "test.elf.size"
   text	   data	    bss	    dec	    hex	filename
  10360	    340	   2292	  12992	   32c0	test.elf
'Finished building: test.elf.size'
' '
10:31:18 **** Auto Build of configuration Debug for project test ****
make all 
'Building file: ../src/main.c'
'Invoking: MicroBlaze gcc compiler'
mb-gcc -Wall -O0 -g3 -c -fmessage-length=0 -MT"src/main.o" -I../../test_bsp/microblaze_0/include -mlittle-endian -mcpu=v11.0 -mxl-soft-mul -Wl,--no-relax -ffunction-sections -fdata-sections -MMD -MP -MF"src/main.d" -MT"src/main.o" -o "src/main.o" "../src/main.c"
In file included from ../src/main.c:8:0:
../src/main.c: In function 'DemoInitialize':
../../test_bsp/microblaze_0/include/xparameters.h:591:38: warning: large integer implicitly truncated to unsigned type [-Woverflow]
 #define XPAR_AXI_UARTLITE_0_BASEADDR 0x40600000
                                      ^
../src/main.c:15:29: note: in expansion of macro 'XPAR_AXI_UARTLITE_0_BASEADDR'
 #define HOST_UART_DEVICE_ID XPAR_AXI_UARTLITE_0_BASEADDR
                             ^~~~~~~~~~~~~~~~~~~~~~~~~~~~
../src/main.c:56:33: note: in expansion of macro 'HOST_UART_DEVICE_ID'
  CfgPtr = HostUart_LookupConfig(HOST_UART_DEVICE_ID);
                                 ^~~~~~~~~~~~~~~~~~~
../src/main.c: In function 'DemoRun':
../src/main.c:116:42: warning: pointer targets in passing argument 1 of 'strlen' differ in signedness [-Wpointer-sign]
  ESP32_SendBuffer(&myESP32, cmd3, strlen(cmd3));
                                          ^~~~
In file included from c:\xilinx\sdk\2018.3\gnu\microblaze\nt\microblaze-xilinx-elf\include\ctype.h:4:0,
                 from ../../test_bsp/microblaze_0/include/xil_printf.h:8,
                 from ../src/main.c:9:
c:\xilinx\sdk\2018.3\gnu\microblaze\nt\microblaze-xilinx-elf\include\string.h:33:9: note: expected 'const char *' but argument is of type 'u8 * {aka unsigned char *}'
 size_t  _EXFUN(strlen,(const char *));
         ^
'Finished building: ../src/main.c'
' '
'Building target: test.elf'
'Invoking: MicroBlaze gcc linker'
mb-gcc -Wl,-T -Wl,../src/lscript.ld -L../../test_bsp/microblaze_0/lib -mlittle-endian -mcpu=v11.0 -mxl-soft-mul -Wl,--no-relax -Wl,--gc-sections -o "test.elf"  ./src/main.o ./src/main2.o   -Wl,--start-group,-lxil,-lgcc,-lc,--end-group
'Finished building target: test.elf'
' '
'Invoking: MicroBlaze Print Size'
mb-size test.elf  |tee "test.elf.size"
   text	   data	    bss	    dec	    hex	filename
  10408	    340	   2292	  13040	   32f0	test.elf
'Finished building: test.elf.size'
' '
10:33:46 **** Incremental Build of configuration Debug for project test ****
make all 
make: Nothing to be done for 'all'.
10:35:04 **** Incremental Build of configuration Debug for project test ****
make all 
make: Nothing to be done for 'all'.
10:36:06 **** Auto Build of configuration Debug for project test ****
make all 
'Building file: ../src/main.c'
'Invoking: MicroBlaze gcc compiler'
mb-gcc -Wall -O0 -g3 -c -fmessage-length=0 -MT"src/main.o" -I../../test_bsp/microblaze_0/include -mlittle-endian -mcpu=v11.0 -mxl-soft-mul -Wl,--no-relax -ffunction-sections -fdata-sections -MMD -MP -MF"src/main.d" -MT"src/main.o" -o "src/main.o" "../src/main.c"
In file included from ../src/main.c:8:0:
../src/main.c: In function 'DemoInitialize':
../../test_bsp/microblaze_0/include/xparameters.h:591:38: warning: large integer implicitly truncated to unsigned type [-Woverflow]
 #define XPAR_AXI_UARTLITE_0_BASEADDR 0x40600000
                                      ^
../src/main.c:15:29: note: in expansion of macro 'XPAR_AXI_UARTLITE_0_BASEADDR'
 #define HOST_UART_DEVICE_ID XPAR_AXI_UARTLITE_0_BASEADDR
                             ^~~~~~~~~~~~~~~~~~~~~~~~~~~~
../src/main.c:56:33: note: in expansion of macro 'HOST_UART_DEVICE_ID'
  CfgPtr = HostUart_LookupConfig(HOST_UART_DEVICE_ID);
                                 ^~~~~~~~~~~~~~~~~~~
../src/main.c: In function 'DemoRun':
../src/main.c:116:42: warning: pointer targets in passing argument 1 of 'strlen' differ in signedness [-Wpointer-sign]
  ESP32_SendBuffer(&myESP32, cmd3, strlen(cmd3));
                                          ^~~~
In file included from c:\xilinx\sdk\2018.3\gnu\microblaze\nt\microblaze-xilinx-elf\include\ctype.h:4:0,
                 from ../../test_bsp/microblaze_0/include/xil_printf.h:8,
                 from ../src/main.c:9:
c:\xilinx\sdk\2018.3\gnu\microblaze\nt\microblaze-xilinx-elf\include\string.h:33:9: note: expected 'const char *' but argument is of type 'u8 * {aka unsigned char *}'
 size_t  _EXFUN(strlen,(const char *));
         ^
../src/main.c:146:2: error: unknown type name 'bit'; did you mean 'uint'?
  bit ok = false;
  ^~~
  uint
../src/main.c:146:11: error: 'false' undeclared (first use in this function); did you mean 'fclose'?
  bit ok = false;
           ^~~~~
           fclose
../src/main.c:146:11: note: each undeclared identifier is reported only once for each function it appears in
../src/main.c:146:6: warning: unused variable 'ok' [-Wunused-variable]
  bit ok = false;
      ^~
make: *** [src/subdir.mk:26: src/main.o] Error 1
10:36:11 **** Auto Build of configuration Debug for project test ****
make all 
'Building file: ../src/main.c'
'Invoking: MicroBlaze gcc compiler'
mb-gcc -Wall -O0 -g3 -c -fmessage-length=0 -MT"src/main.o" -I../../test_bsp/microblaze_0/include -mlittle-endian -mcpu=v11.0 -mxl-soft-mul -Wl,--no-relax -ffunction-sections -fdata-sections -MMD -MP -MF"src/main.d" -MT"src/main.o" -o "src/main.o" "../src/main.c"
In file included from ../src/main.c:8:0:
../src/main.c: In function 'DemoInitialize':
../../test_bsp/microblaze_0/include/xparameters.h:591:38: warning: large integer implicitly truncated to unsigned type [-Woverflow]
 #define XPAR_AXI_UARTLITE_0_BASEADDR 0x40600000
                                      ^
../src/main.c:15:29: note: in expansion of macro 'XPAR_AXI_UARTLITE_0_BASEADDR'
 #define HOST_UART_DEVICE_ID XPAR_AXI_UARTLITE_0_BASEADDR
                             ^~~~~~~~~~~~~~~~~~~~~~~~~~~~
../src/main.c:56:33: note: in expansion of macro 'HOST_UART_DEVICE_ID'
  CfgPtr = HostUart_LookupConfig(HOST_UART_DEVICE_ID);
                                 ^~~~~~~~~~~~~~~~~~~
../src/main.c: In function 'DemoRun':
../src/main.c:116:42: warning: pointer targets in passing argument 1 of 'strlen' differ in signedness [-Wpointer-sign]
  ESP32_SendBuffer(&myESP32, cmd3, strlen(cmd3));
                                          ^~~~
In file included from c:\xilinx\sdk\2018.3\gnu\microblaze\nt\microblaze-xilinx-elf\include\ctype.h:4:0,
                 from ../../test_bsp/microblaze_0/include/xil_printf.h:8,
                 from ../src/main.c:9:
c:\xilinx\sdk\2018.3\gnu\microblaze\nt\microblaze-xilinx-elf\include\string.h:33:9: note: expected 'const char *' but argument is of type 'u8 * {aka unsigned char *}'
 size_t  _EXFUN(strlen,(const char *));
         ^
../src/main.c:146:2: error: unknown type name 'boolean'
  boolean ok = false;
  ^~~~~~~
../src/main.c:146:15: error: 'false' undeclared (first use in this function); did you mean 'fclose'?
  boolean ok = false;
               ^~~~~
               fclose
../src/main.c:146:15: note: each undeclared identifier is reported only once for each function it appears in
../src/main.c:146:10: warning: unused variable 'ok' [-Wunused-variable]
  boolean ok = false;
          ^~
make: *** [src/subdir.mk:26: src/main.o] Error 1
10:36:12 **** Auto Build of configuration Debug for project test ****
make all 
'Building file: ../src/main.c'
'Invoking: MicroBlaze gcc compiler'
mb-gcc -Wall -O0 -g3 -c -fmessage-length=0 -MT"src/main.o" -I../../test_bsp/microblaze_0/include -mlittle-endian -mcpu=v11.0 -mxl-soft-mul -Wl,--no-relax -ffunction-sections -fdata-sections -MMD -MP -MF"src/main.d" -MT"src/main.o" -o "src/main.o" "../src/main.c"
In file included from ../src/main.c:8:0:
../src/main.c: In function 'DemoInitialize':
../../test_bsp/microblaze_0/include/xparameters.h:591:38: warning: large integer implicitly truncated to unsigned type [-Woverflow]
 #define XPAR_AXI_UARTLITE_0_BASEADDR 0x40600000
                                      ^
../src/main.c:15:29: note: in expansion of macro 'XPAR_AXI_UARTLITE_0_BASEADDR'
 #define HOST_UART_DEVICE_ID XPAR_AXI_UARTLITE_0_BASEADDR
                             ^~~~~~~~~~~~~~~~~~~~~~~~~~~~
../src/main.c:56:33: note: in expansion of macro 'HOST_UART_DEVICE_ID'
  CfgPtr = HostUart_LookupConfig(HOST_UART_DEVICE_ID);
                                 ^~~~~~~~~~~~~~~~~~~
../src/main.c: In function 'DemoRun':
../src/main.c:116:42: warning: pointer targets in passing argument 1 of 'strlen' differ in signedness [-Wpointer-sign]
  ESP32_SendBuffer(&myESP32, cmd3, strlen(cmd3));
                                          ^~~~
In file included from c:\xilinx\sdk\2018.3\gnu\microblaze\nt\microblaze-xilinx-elf\include\ctype.h:4:0,
                 from ../../test_bsp/microblaze_0/include/xil_printf.h:8,
                 from ../src/main.c:9:
c:\xilinx\sdk\2018.3\gnu\microblaze\nt\microblaze-xilinx-elf\include\string.h:33:9: note: expected 'const char *' but argument is of type 'u8 * {aka unsigned char *}'
 size_t  _EXFUN(strlen,(const char *));
         ^
../src/main.c:146:2: error: unknown type name 'bool'; did you mean '_Bool'?
  bool ok = false;
  ^~~~
  _Bool
../src/main.c:146:12: error: 'false' undeclared (first use in this function); did you mean 'fclose'?
  bool ok = false;
            ^~~~~
            fclose
../src/main.c:146:12: note: each undeclared identifier is reported only once for each function it appears in
../src/main.c:146:7: warning: unused variable 'ok' [-Wunused-variable]
  bool ok = false;
       ^~
make: *** [src/subdir.mk:26: src/main.o] Error 1
10:36:24 **** Auto Build of configuration Debug for project test ****
make all 
'Building file: ../src/main.c'
'Invoking: MicroBlaze gcc compiler'
mb-gcc -Wall -O0 -g3 -c -fmessage-length=0 -MT"src/main.o" -I../../test_bsp/microblaze_0/include -mlittle-endian -mcpu=v11.0 -mxl-soft-mul -Wl,--no-relax -ffunction-sections -fdata-sections -MMD -MP -MF"src/main.d" -MT"src/main.o" -o "src/main.o" "../src/main.c"
In file included from ../src/main.c:8:0:
../src/main.c: In function 'DemoInitialize':
../../test_bsp/microblaze_0/include/xparameters.h:591:38: warning: large integer implicitly truncated to unsigned type [-Woverflow]
 #define XPAR_AXI_UARTLITE_0_BASEADDR 0x40600000
                                      ^
../src/main.c:15:29: note: in expansion of macro 'XPAR_AXI_UARTLITE_0_BASEADDR'
 #define HOST_UART_DEVICE_ID XPAR_AXI_UARTLITE_0_BASEADDR
                             ^~~~~~~~~~~~~~~~~~~~~~~~~~~~
../src/main.c:57:33: note: in expansion of macro 'HOST_UART_DEVICE_ID'
  CfgPtr = HostUart_LookupConfig(HOST_UART_DEVICE_ID);
                                 ^~~~~~~~~~~~~~~~~~~
../src/main.c: In function 'DemoRun':
../src/main.c:117:42: warning: pointer targets in passing argument 1 of 'strlen' differ in signedness [-Wpointer-sign]
  ESP32_SendBuffer(&myESP32, cmd3, strlen(cmd3));
                                          ^~~~
In file included from c:\xilinx\sdk\2018.3\gnu\microblaze\nt\microblaze-xilinx-elf\include\ctype.h:4:0,
                 from ../../test_bsp/microblaze_0/include/xil_printf.h:8,
                 from ../src/main.c:9:
c:\xilinx\sdk\2018.3\gnu\microblaze\nt\microblaze-xilinx-elf\include\string.h:33:9: note: expected 'const char *' but argument is of type 'u8 * {aka unsigned char *}'
 size_t  _EXFUN(strlen,(const char *));
         ^
../src/main.c:147:7: warning: unused variable 'ok' [-Wunused-variable]
  bool ok = false;
       ^~
'Finished building: ../src/main.c'
' '
'Building target: test.elf'
'Invoking: MicroBlaze gcc linker'
mb-gcc -Wl,-T -Wl,../src/lscript.ld -L../../test_bsp/microblaze_0/lib -mlittle-endian -mcpu=v11.0 -mxl-soft-mul -Wl,--no-relax -Wl,--gc-sections -o "test.elf"  ./src/main.o ./src/main2.o   -Wl,--start-group,-lxil,-lgcc,-lc,--end-group
'Finished building target: test.elf'
' '
'Invoking: MicroBlaze Print Size'
mb-size test.elf  |tee "test.elf.size"
   text	   data	    bss	    dec	    hex	filename
  10416	    340	   2292	  13048	   32f8	test.elf
'Finished building: test.elf.size'
' '
10:36:34 **** Auto Build of configuration Debug for project test ****
make all 
'Building file: ../src/main.c'
'Invoking: MicroBlaze gcc compiler'
mb-gcc -Wall -O0 -g3 -c -fmessage-length=0 -MT"src/main.o" -I../../test_bsp/microblaze_0/include -mlittle-endian -mcpu=v11.0 -mxl-soft-mul -Wl,--no-relax -ffunction-sections -fdata-sections -MMD -MP -MF"src/main.d" -MT"src/main.o" -o "src/main.o" "../src/main.c"
In file included from ../src/main.c:8:0:
../src/main.c: In function 'DemoInitialize':
../../test_bsp/microblaze_0/include/xparameters.h:591:38: warning: large integer implicitly truncated to unsigned type [-Woverflow]
 #define XPAR_AXI_UARTLITE_0_BASEADDR 0x40600000
                                      ^
../src/main.c:15:29: note: in expansion of macro 'XPAR_AXI_UARTLITE_0_BASEADDR'
 #define HOST_UART_DEVICE_ID XPAR_AXI_UARTLITE_0_BASEADDR
                             ^~~~~~~~~~~~~~~~~~~~~~~~~~~~
../src/main.c:57:33: note: in expansion of macro 'HOST_UART_DEVICE_ID'
  CfgPtr = HostUart_LookupConfig(HOST_UART_DEVICE_ID);
                                 ^~~~~~~~~~~~~~~~~~~
../src/main.c: In function 'DemoRun':
../src/main.c:117:42: warning: pointer targets in passing argument 1 of 'strlen' differ in signedness [-Wpointer-sign]
  ESP32_SendBuffer(&myESP32, cmd3, strlen(cmd3));
                                          ^~~~
In file included from c:\xilinx\sdk\2018.3\gnu\microblaze\nt\microblaze-xilinx-elf\include\ctype.h:4:0,
                 from ../../test_bsp/microblaze_0/include/xil_printf.h:8,
                 from ../src/main.c:9:
c:\xilinx\sdk\2018.3\gnu\microblaze\nt\microblaze-xilinx-elf\include\string.h:33:9: note: expected 'const char *' but argument is of type 'u8 * {aka unsigned char *}'
 size_t  _EXFUN(strlen,(const char *));
         ^
../src/main.c:147:7: warning: unused variable 'handshake' [-Wunused-variable]
  bool handshake = false;
       ^~~~~~~~~
'Finished building: ../src/main.c'
' '
'Building target: test.elf'
'Invoking: MicroBlaze gcc linker'
mb-gcc -Wl,-T -Wl,../src/lscript.ld -L../../test_bsp/microblaze_0/lib -mlittle-endian -mcpu=v11.0 -mxl-soft-mul -Wl,--no-relax -Wl,--gc-sections -o "test.elf"  ./src/main.o ./src/main2.o   -Wl,--start-group,-lxil,-lgcc,-lc,--end-group
'Finished building target: test.elf'
' '
'Invoking: MicroBlaze Print Size'
mb-size test.elf  |tee "test.elf.size"
   text	   data	    bss	    dec	    hex	filename
  10416	    340	   2292	  13048	   32f8	test.elf
'Finished building: test.elf.size'
' '
10:37:09 **** Auto Build of configuration Debug for project test ****
make all 
'Building file: ../src/main.c'
'Invoking: MicroBlaze gcc compiler'
mb-gcc -Wall -O0 -g3 -c -fmessage-length=0 -MT"src/main.o" -I../../test_bsp/microblaze_0/include -mlittle-endian -mcpu=v11.0 -mxl-soft-mul -Wl,--no-relax -ffunction-sections -fdata-sections -MMD -MP -MF"src/main.d" -MT"src/main.o" -o "src/main.o" "../src/main.c"
In file included from ../src/main.c:8:0:
../src/main.c: In function 'DemoInitialize':
../../test_bsp/microblaze_0/include/xparameters.h:591:38: warning: large integer implicitly truncated to unsigned type [-Woverflow]
 #define XPAR_AXI_UARTLITE_0_BASEADDR 0x40600000
                                      ^
../src/main.c:15:29: note: in expansion of macro 'XPAR_AXI_UARTLITE_0_BASEADDR'
 #define HOST_UART_DEVICE_ID XPAR_AXI_UARTLITE_0_BASEADDR
                             ^~~~~~~~~~~~~~~~~~~~~~~~~~~~
../src/main.c:57:33: note: in expansion of macro 'HOST_UART_DEVICE_ID'
  CfgPtr = HostUart_LookupConfig(HOST_UART_DEVICE_ID);
                                 ^~~~~~~~~~~~~~~~~~~
../src/main.c: In function 'DemoRun':
../src/main.c:117:42: warning: pointer targets in passing argument 1 of 'strlen' differ in signedness [-Wpointer-sign]
  ESP32_SendBuffer(&myESP32, cmd3, strlen(cmd3));
                                          ^~~~
In file included from c:\xilinx\sdk\2018.3\gnu\microblaze\nt\microblaze-xilinx-elf\include\ctype.h:4:0,
                 from ../../test_bsp/microblaze_0/include/xil_printf.h:8,
                 from ../src/main.c:9:
c:\xilinx\sdk\2018.3\gnu\microblaze\nt\microblaze-xilinx-elf\include\string.h:33:9: note: expected 'const char *' but argument is of type 'u8 * {aka unsigned char *}'
 size_t  _EXFUN(strlen,(const char *));
         ^
'Finished building: ../src/main.c'
' '
'Building target: test.elf'
'Invoking: MicroBlaze gcc linker'
mb-gcc -Wl,-T -Wl,../src/lscript.ld -L../../test_bsp/microblaze_0/lib -mlittle-endian -mcpu=v11.0 -mxl-soft-mul -Wl,--no-relax -Wl,--gc-sections -o "test.elf"  ./src/main.o ./src/main2.o   -Wl,--start-group,-lxil,-lgcc,-lc,--end-group
'Finished building target: test.elf'
' '
'Invoking: MicroBlaze Print Size'
mb-size test.elf  |tee "test.elf.size"
   text	   data	    bss	    dec	    hex	filename
  10548	    340	   2296	  13184	   3380	test.elf
'Finished building: test.elf.size'
' '
10:37:11 **** Auto Build of configuration Debug for project test ****
make all 
'Building file: ../src/main.c'
'Invoking: MicroBlaze gcc compiler'
mb-gcc -Wall -O0 -g3 -c -fmessage-length=0 -MT"src/main.o" -I../../test_bsp/microblaze_0/include -mlittle-endian -mcpu=v11.0 -mxl-soft-mul -Wl,--no-relax -ffunction-sections -fdata-sections -MMD -MP -MF"src/main.d" -MT"src/main.o" -o "src/main.o" "../src/main.c"
In file included from ../src/main.c:8:0:
../src/main.c: In function 'DemoInitialize':
../../test_bsp/microblaze_0/include/xparameters.h:591:38: warning: large integer implicitly truncated to unsigned type [-Woverflow]
 #define XPAR_AXI_UARTLITE_0_BASEADDR 0x40600000
                                      ^
../src/main.c:15:29: note: in expansion of macro 'XPAR_AXI_UARTLITE_0_BASEADDR'
 #define HOST_UART_DEVICE_ID XPAR_AXI_UARTLITE_0_BASEADDR
                             ^~~~~~~~~~~~~~~~~~~~~~~~~~~~
../src/main.c:57:33: note: in expansion of macro 'HOST_UART_DEVICE_ID'
  CfgPtr = HostUart_LookupConfig(HOST_UART_DEVICE_ID);
                                 ^~~~~~~~~~~~~~~~~~~
../src/main.c: In function 'DemoRun':
../src/main.c:117:42: warning: pointer targets in passing argument 1 of 'strlen' differ in signedness [-Wpointer-sign]
  ESP32_SendBuffer(&myESP32, cmd3, strlen(cmd3));
                                          ^~~~
In file included from c:\xilinx\sdk\2018.3\gnu\microblaze\nt\microblaze-xilinx-elf\include\ctype.h:4:0,
                 from ../../test_bsp/microblaze_0/include/xil_printf.h:8,
                 from ../src/main.c:9:
c:\xilinx\sdk\2018.3\gnu\microblaze\nt\microblaze-xilinx-elf\include\string.h:33:9: note: expected 'const char *' but argument is of type 'u8 * {aka unsigned char *}'
 size_t  _EXFUN(strlen,(const char *));
         ^
'Finished building: ../src/main.c'
' '
'Building target: test.elf'
'Invoking: MicroBlaze gcc linker'
mb-gcc -Wl,-T -Wl,../src/lscript.ld -L../../test_bsp/microblaze_0/lib -mlittle-endian -mcpu=v11.0 -mxl-soft-mul -Wl,--no-relax -Wl,--gc-sections -o "test.elf"  ./src/main.o ./src/main2.o   -Wl,--start-group,-lxil,-lgcc,-lc,--end-group
'Finished building target: test.elf'
' '
'Invoking: MicroBlaze Print Size'
mb-size test.elf  |tee "test.elf.size"
   text	   data	    bss	    dec	    hex	filename
  10560	    340	   2292	  13192	   3388	test.elf
'Finished building: test.elf.size'
' '
10:37:21 **** Auto Build of configuration Debug for project test ****
make all 
'Building file: ../src/main.c'
'Invoking: MicroBlaze gcc compiler'
mb-gcc -Wall -O0 -g3 -c -fmessage-length=0 -MT"src/main.o" -I../../test_bsp/microblaze_0/include -mlittle-endian -mcpu=v11.0 -mxl-soft-mul -Wl,--no-relax -ffunction-sections -fdata-sections -MMD -MP -MF"src/main.d" -MT"src/main.o" -o "src/main.o" "../src/main.c"
In file included from ../src/main.c:8:0:
../src/main.c: In function 'DemoInitialize':
../../test_bsp/microblaze_0/include/xparameters.h:591:38: warning: large integer implicitly truncated to unsigned type [-Woverflow]
 #define XPAR_AXI_UARTLITE_0_BASEADDR 0x40600000
                                      ^
../src/main.c:15:29: note: in expansion of macro 'XPAR_AXI_UARTLITE_0_BASEADDR'
 #define HOST_UART_DEVICE_ID XPAR_AXI_UARTLITE_0_BASEADDR
                             ^~~~~~~~~~~~~~~~~~~~~~~~~~~~
../src/main.c:57:33: note: in expansion of macro 'HOST_UART_DEVICE_ID'
  CfgPtr = HostUart_LookupConfig(HOST_UART_DEVICE_ID);
                                 ^~~~~~~~~~~~~~~~~~~
../src/main.c: In function 'DemoRun':
../src/main.c:117:42: warning: pointer targets in passing argument 1 of 'strlen' differ in signedness [-Wpointer-sign]
  ESP32_SendBuffer(&myESP32, cmd3, strlen(cmd3));
                                          ^~~~
In file included from c:\xilinx\sdk\2018.3\gnu\microblaze\nt\microblaze-xilinx-elf\include\ctype.h:4:0,
                 from ../../test_bsp/microblaze_0/include/xil_printf.h:8,
                 from ../src/main.c:9:
c:\xilinx\sdk\2018.3\gnu\microblaze\nt\microblaze-xilinx-elf\include\string.h:33:9: note: expected 'const char *' but argument is of type 'u8 * {aka unsigned char *}'
 size_t  _EXFUN(strlen,(const char *));
         ^
../src/main.c:156:7: warning: unused variable 'handshake_string' [-Wunused-variable]
    u8 handshake_string[] = "handshake\n";
       ^~~~~~~~~~~~~~~~
'Finished building: ../src/main.c'
' '
'Building target: test.elf'
'Invoking: MicroBlaze gcc linker'
mb-gcc -Wl,-T -Wl,../src/lscript.ld -L../../test_bsp/microblaze_0/lib -mlittle-endian -mcpu=v11.0 -mxl-soft-mul -Wl,--no-relax -Wl,--gc-sections -o "test.elf"  ./src/main.o ./src/main2.o   -Wl,--start-group,-lxil,-lgcc,-lc,--end-group
'Finished building target: test.elf'
' '
'Invoking: MicroBlaze Print Size'
mb-size test.elf  |tee "test.elf.size"
   text	   data	    bss	    dec	    hex	filename
  10560	    340	   2292	  13192	   3388	test.elf
'Finished building: test.elf.size'
' '
10:37:28 **** Auto Build of configuration Debug for project test ****
make all 
'Building file: ../src/main.c'
'Invoking: MicroBlaze gcc compiler'
mb-gcc -Wall -O0 -g3 -c -fmessage-length=0 -MT"src/main.o" -I../../test_bsp/microblaze_0/include -mlittle-endian -mcpu=v11.0 -mxl-soft-mul -Wl,--no-relax -ffunction-sections -fdata-sections -MMD -MP -MF"src/main.d" -MT"src/main.o" -o "src/main.o" "../src/main.c"
In file included from ../src/main.c:8:0:
../src/main.c: In function 'DemoInitialize':
../../test_bsp/microblaze_0/include/xparameters.h:591:38: warning: large integer implicitly truncated to unsigned type [-Woverflow]
 #define XPAR_AXI_UARTLITE_0_BASEADDR 0x40600000
                                      ^
../src/main.c:15:29: note: in expansion of macro 'XPAR_AXI_UARTLITE_0_BASEADDR'
 #define HOST_UART_DEVICE_ID XPAR_AXI_UARTLITE_0_BASEADDR
                             ^~~~~~~~~~~~~~~~~~~~~~~~~~~~
../src/main.c:57:33: note: in expansion of macro 'HOST_UART_DEVICE_ID'
  CfgPtr = HostUart_LookupConfig(HOST_UART_DEVICE_ID);
                                 ^~~~~~~~~~~~~~~~~~~
../src/main.c: In function 'DemoRun':
../src/main.c:117:42: warning: pointer targets in passing argument 1 of 'strlen' differ in signedness [-Wpointer-sign]
  ESP32_SendBuffer(&myESP32, cmd3, strlen(cmd3));
                                          ^~~~
In file included from c:\xilinx\sdk\2018.3\gnu\microblaze\nt\microblaze-xilinx-elf\include\ctype.h:4:0,
                 from ../../test_bsp/microblaze_0/include/xil_printf.h:8,
                 from ../src/main.c:9:
c:\xilinx\sdk\2018.3\gnu\microblaze\nt\microblaze-xilinx-elf\include\string.h:33:9: note: expected 'const char *' but argument is of type 'u8 * {aka unsigned char *}'
 size_t  _EXFUN(strlen,(const char *));
         ^
'Finished building: ../src/main.c'
' '
'Building target: test.elf'
'Invoking: MicroBlaze gcc linker'
mb-gcc -Wl,-T -Wl,../src/lscript.ld -L../../test_bsp/microblaze_0/lib -mlittle-endian -mcpu=v11.0 -mxl-soft-mul -Wl,--no-relax -Wl,--gc-sections -o "test.elf"  ./src/main.o ./src/main2.o   -Wl,--start-group,-lxil,-lgcc,-lc,--end-group
'Finished building target: test.elf'
' '
'Invoking: MicroBlaze Print Size'
mb-size test.elf  |tee "test.elf.size"
   text	   data	    bss	    dec	    hex	filename
  10560	    340	   2292	  13192	   3388	test.elf
'Finished building: test.elf.size'
' '
10:37:37 **** Auto Build of configuration Debug for project test ****
make all 
'Building file: ../src/main.c'
'Invoking: MicroBlaze gcc compiler'
mb-gcc -Wall -O0 -g3 -c -fmessage-length=0 -MT"src/main.o" -I../../test_bsp/microblaze_0/include -mlittle-endian -mcpu=v11.0 -mxl-soft-mul -Wl,--no-relax -ffunction-sections -fdata-sections -MMD -MP -MF"src/main.d" -MT"src/main.o" -o "src/main.o" "../src/main.c"
In file included from ../src/main.c:8:0:
../src/main.c: In function 'DemoInitialize':
../../test_bsp/microblaze_0/include/xparameters.h:591:38: warning: large integer implicitly truncated to unsigned type [-Woverflow]
 #define XPAR_AXI_UARTLITE_0_BASEADDR 0x40600000
                                      ^
../src/main.c:15:29: note: in expansion of macro 'XPAR_AXI_UARTLITE_0_BASEADDR'
 #define HOST_UART_DEVICE_ID XPAR_AXI_UARTLITE_0_BASEADDR
                             ^~~~~~~~~~~~~~~~~~~~~~~~~~~~
../src/main.c:57:33: note: in expansion of macro 'HOST_UART_DEVICE_ID'
  CfgPtr = HostUart_LookupConfig(HOST_UART_DEVICE_ID);
                                 ^~~~~~~~~~~~~~~~~~~
../src/main.c: In function 'DemoRun':
../src/main.c:117:42: warning: pointer targets in passing argument 1 of 'strlen' differ in signedness [-Wpointer-sign]
  ESP32_SendBuffer(&myESP32, cmd3, strlen(cmd3));
                                          ^~~~
In file included from c:\xilinx\sdk\2018.3\gnu\microblaze\nt\microblaze-xilinx-elf\include\ctype.h:4:0,
                 from ../../test_bsp/microblaze_0/include/xil_printf.h:8,
                 from ../src/main.c:9:
c:\xilinx\sdk\2018.3\gnu\microblaze\nt\microblaze-xilinx-elf\include\string.h:33:9: note: expected 'const char *' but argument is of type 'u8 * {aka unsigned char *}'
 size_t  _EXFUN(strlen,(const char *));
         ^
'Finished building: ../src/main.c'
' '
'Building target: test.elf'
'Invoking: MicroBlaze gcc linker'
mb-gcc -Wl,-T -Wl,../src/lscript.ld -L../../test_bsp/microblaze_0/lib -mlittle-endian -mcpu=v11.0 -mxl-soft-mul -Wl,--no-relax -Wl,--gc-sections -o "test.elf"  ./src/main.o ./src/main2.o   -Wl,--start-group,-lxil,-lgcc,-lc,--end-group
'Finished building target: test.elf'
' '
'Invoking: MicroBlaze Print Size'
mb-size test.elf  |tee "test.elf.size"
   text	   data	    bss	    dec	    hex	filename
  10568	    340	   2292	  13200	   3390	test.elf
'Finished building: test.elf.size'
' '
10:37:44 **** Auto Build of configuration Debug for project test ****
make all 
'Building file: ../src/main.c'
'Invoking: MicroBlaze gcc compiler'
mb-gcc -Wall -O0 -g3 -c -fmessage-length=0 -MT"src/main.o" -I../../test_bsp/microblaze_0/include -mlittle-endian -mcpu=v11.0 -mxl-soft-mul -Wl,--no-relax -ffunction-sections -fdata-sections -MMD -MP -MF"src/main.d" -MT"src/main.o" -o "src/main.o" "../src/main.c"
In file included from ../src/main.c:8:0:
../src/main.c: In function 'DemoInitialize':
../../test_bsp/microblaze_0/include/xparameters.h:591:38: warning: large integer implicitly truncated to unsigned type [-Woverflow]
 #define XPAR_AXI_UARTLITE_0_BASEADDR 0x40600000
                                      ^
../src/main.c:15:29: note: in expansion of macro 'XPAR_AXI_UARTLITE_0_BASEADDR'
 #define HOST_UART_DEVICE_ID XPAR_AXI_UARTLITE_0_BASEADDR
                             ^~~~~~~~~~~~~~~~~~~~~~~~~~~~
../src/main.c:57:33: note: in expansion of macro 'HOST_UART_DEVICE_ID'
  CfgPtr = HostUart_LookupConfig(HOST_UART_DEVICE_ID);
                                 ^~~~~~~~~~~~~~~~~~~
../src/main.c: In function 'DemoRun':
../src/main.c:117:42: warning: pointer targets in passing argument 1 of 'strlen' differ in signedness [-Wpointer-sign]
  ESP32_SendBuffer(&myESP32, cmd3, strlen(cmd3));
                                          ^~~~
In file included from c:\xilinx\sdk\2018.3\gnu\microblaze\nt\microblaze-xilinx-elf\include\ctype.h:4:0,
                 from ../../test_bsp/microblaze_0/include/xil_printf.h:8,
                 from ../src/main.c:9:
c:\xilinx\sdk\2018.3\gnu\microblaze\nt\microblaze-xilinx-elf\include\string.h:33:9: note: expected 'const char *' but argument is of type 'u8 * {aka unsigned char *}'
 size_t  _EXFUN(strlen,(const char *));
         ^
'Finished building: ../src/main.c'
' '
'Building target: test.elf'
'Invoking: MicroBlaze gcc linker'
mb-gcc -Wl,-T -Wl,../src/lscript.ld -L../../test_bsp/microblaze_0/lib -mlittle-endian -mcpu=v11.0 -mxl-soft-mul -Wl,--no-relax -Wl,--gc-sections -o "test.elf"  ./src/main.o ./src/main2.o   -Wl,--start-group,-lxil,-lgcc,-lc,--end-group
'Finished building target: test.elf'
' '
'Invoking: MicroBlaze Print Size'
mb-size test.elf  |tee "test.elf.size"
   text	   data	    bss	    dec	    hex	filename
  10568	    340	   2292	  13200	   3390	test.elf
'Finished building: test.elf.size'
' '
10:38:28 **** Auto Build of configuration Debug for project test ****
make all 
'Building file: ../src/main.c'
'Invoking: MicroBlaze gcc compiler'
mb-gcc -Wall -O0 -g3 -c -fmessage-length=0 -MT"src/main.o" -I../../test_bsp/microblaze_0/include -mlittle-endian -mcpu=v11.0 -mxl-soft-mul -Wl,--no-relax -ffunction-sections -fdata-sections -MMD -MP -MF"src/main.d" -MT"src/main.o" -o "src/main.o" "../src/main.c"
In file included from ../src/main.c:8:0:
../src/main.c: In function 'DemoInitialize':
../../test_bsp/microblaze_0/include/xparameters.h:591:38: warning: large integer implicitly truncated to unsigned type [-Woverflow]
 #define XPAR_AXI_UARTLITE_0_BASEADDR 0x40600000
                                      ^
../src/main.c:15:29: note: in expansion of macro 'XPAR_AXI_UARTLITE_0_BASEADDR'
 #define HOST_UART_DEVICE_ID XPAR_AXI_UARTLITE_0_BASEADDR
                             ^~~~~~~~~~~~~~~~~~~~~~~~~~~~
../src/main.c:57:33: note: in expansion of macro 'HOST_UART_DEVICE_ID'
  CfgPtr = HostUart_LookupConfig(HOST_UART_DEVICE_ID);
                                 ^~~~~~~~~~~~~~~~~~~
../src/main.c: In function 'DemoRun':
../src/main.c:122:42: warning: pointer targets in passing argument 1 of 'strlen' differ in signedness [-Wpointer-sign]
  ESP32_SendBuffer(&myESP32, cmd3, strlen(cmd3));
                                          ^~~~
In file included from c:\xilinx\sdk\2018.3\gnu\microblaze\nt\microblaze-xilinx-elf\include\ctype.h:4:0,
                 from ../../test_bsp/microblaze_0/include/xil_printf.h:8,
                 from ../src/main.c:9:
c:\xilinx\sdk\2018.3\gnu\microblaze\nt\microblaze-xilinx-elf\include\string.h:33:9: note: expected 'const char *' but argument is of type 'u8 * {aka unsigned char *}'
 size_t  _EXFUN(strlen,(const char *));
         ^
'Finished building: ../src/main.c'
' '
'Building target: test.elf'
'Invoking: MicroBlaze gcc linker'
mb-gcc -Wl,-T -Wl,../src/lscript.ld -L../../test_bsp/microblaze_0/lib -mlittle-endian -mcpu=v11.0 -mxl-soft-mul -Wl,--no-relax -Wl,--gc-sections -o "test.elf"  ./src/main.o ./src/main2.o   -Wl,--start-group,-lxil,-lgcc,-lc,--end-group
'Finished building target: test.elf'
' '
'Invoking: MicroBlaze Print Size'
mb-size test.elf  |tee "test.elf.size"
   text	   data	    bss	    dec	    hex	filename
  10520	    340	   2292	  13152	   3360	test.elf
'Finished building: test.elf.size'
' '
10:38:38 **** Auto Build of configuration Debug for project test ****
make all 
'Building file: ../src/main.c'
'Invoking: MicroBlaze gcc compiler'
mb-gcc -Wall -O0 -g3 -c -fmessage-length=0 -MT"src/main.o" -I../../test_bsp/microblaze_0/include -mlittle-endian -mcpu=v11.0 -mxl-soft-mul -Wl,--no-relax -ffunction-sections -fdata-sections -MMD -MP -MF"src/main.d" -MT"src/main.o" -o "src/main.o" "../src/main.c"
In file included from ../src/main.c:8:0:
../src/main.c: In function 'DemoInitialize':
../../test_bsp/microblaze_0/include/xparameters.h:591:38: warning: large integer implicitly truncated to unsigned type [-Woverflow]
 #define XPAR_AXI_UARTLITE_0_BASEADDR 0x40600000
                                      ^
../src/main.c:15:29: note: in expansion of macro 'XPAR_AXI_UARTLITE_0_BASEADDR'
 #define HOST_UART_DEVICE_ID XPAR_AXI_UARTLITE_0_BASEADDR
                             ^~~~~~~~~~~~~~~~~~~~~~~~~~~~
../src/main.c:57:33: note: in expansion of macro 'HOST_UART_DEVICE_ID'
  CfgPtr = HostUart_LookupConfig(HOST_UART_DEVICE_ID);
                                 ^~~~~~~~~~~~~~~~~~~
../src/main.c: In function 'DemoRun':
../src/main.c:122:42: warning: pointer targets in passing argument 1 of 'strlen' differ in signedness [-Wpointer-sign]
  ESP32_SendBuffer(&myESP32, cmd3, strlen(cmd3));
                                          ^~~~
In file included from c:\xilinx\sdk\2018.3\gnu\microblaze\nt\microblaze-xilinx-elf\include\ctype.h:4:0,
                 from ../../test_bsp/microblaze_0/include/xil_printf.h:8,
                 from ../src/main.c:9:
c:\xilinx\sdk\2018.3\gnu\microblaze\nt\microblaze-xilinx-elf\include\string.h:33:9: note: expected 'const char *' but argument is of type 'u8 * {aka unsigned char *}'
 size_t  _EXFUN(strlen,(const char *));
         ^
'Finished building: ../src/main.c'
' '
'Building target: test.elf'
'Invoking: MicroBlaze gcc linker'
mb-gcc -Wl,-T -Wl,../src/lscript.ld -L../../test_bsp/microblaze_0/lib -mlittle-endian -mcpu=v11.0 -mxl-soft-mul -Wl,--no-relax -Wl,--gc-sections -o "test.elf"  ./src/main.o ./src/main2.o   -Wl,--start-group,-lxil,-lgcc,-lc,--end-group
'Finished building target: test.elf'
' '
'Invoking: MicroBlaze Print Size'
mb-size test.elf  |tee "test.elf.size"
   text	   data	    bss	    dec	    hex	filename
  10668	    340	   2296	  13304	   33f8	test.elf
'Finished building: test.elf.size'
' '
10:38:52 **** Auto Build of configuration Debug for project test ****
make all 
'Building file: ../src/main.c'
'Invoking: MicroBlaze gcc compiler'
mb-gcc -Wall -O0 -g3 -c -fmessage-length=0 -MT"src/main.o" -I../../test_bsp/microblaze_0/include -mlittle-endian -mcpu=v11.0 -mxl-soft-mul -Wl,--no-relax -ffunction-sections -fdata-sections -MMD -MP -MF"src/main.d" -MT"src/main.o" -o "src/main.o" "../src/main.c"
In file included from ../src/main.c:8:0:
../src/main.c: In function 'DemoInitialize':
../../test_bsp/microblaze_0/include/xparameters.h:591:38: warning: large integer implicitly truncated to unsigned type [-Woverflow]
 #define XPAR_AXI_UARTLITE_0_BASEADDR 0x40600000
                                      ^
../src/main.c:15:29: note: in expansion of macro 'XPAR_AXI_UARTLITE_0_BASEADDR'
 #define HOST_UART_DEVICE_ID XPAR_AXI_UARTLITE_0_BASEADDR
                             ^~~~~~~~~~~~~~~~~~~~~~~~~~~~
../src/main.c:57:33: note: in expansion of macro 'HOST_UART_DEVICE_ID'
  CfgPtr = HostUart_LookupConfig(HOST_UART_DEVICE_ID);
                                 ^~~~~~~~~~~~~~~~~~~
../src/main.c: In function 'DemoRun':
../src/main.c:122:42: warning: pointer targets in passing argument 1 of 'strlen' differ in signedness [-Wpointer-sign]
  ESP32_SendBuffer(&myESP32, cmd3, strlen(cmd3));
                                          ^~~~
In file included from c:\xilinx\sdk\2018.3\gnu\microblaze\nt\microblaze-xilinx-elf\include\ctype.h:4:0,
                 from ../../test_bsp/microblaze_0/include/xil_printf.h:8,
                 from ../src/main.c:9:
c:\xilinx\sdk\2018.3\gnu\microblaze\nt\microblaze-xilinx-elf\include\string.h:33:9: note: expected 'const char *' but argument is of type 'u8 * {aka unsigned char *}'
 size_t  _EXFUN(strlen,(const char *));
         ^
'Finished building: ../src/main.c'
' '
'Building target: test.elf'
'Invoking: MicroBlaze gcc linker'
mb-gcc -Wl,-T -Wl,../src/lscript.ld -L../../test_bsp/microblaze_0/lib -mlittle-endian -mcpu=v11.0 -mxl-soft-mul -Wl,--no-relax -Wl,--gc-sections -o "test.elf"  ./src/main.o ./src/main2.o   -Wl,--start-group,-lxil,-lgcc,-lc,--end-group
'Finished building target: test.elf'
' '
'Invoking: MicroBlaze Print Size'
mb-size test.elf  |tee "test.elf.size"
   text	   data	    bss	    dec	    hex	filename
  10684	    340	   2296	  13320	   3408	test.elf
'Finished building: test.elf.size'
' '
10:39:24 **** Incremental Build of configuration Debug for project test ****
make all 
make: Nothing to be done for 'all'.
10:41:57 **** Auto Build of configuration Debug for project test ****
make all 
'Building file: ../src/main.c'
'Invoking: MicroBlaze gcc compiler'
mb-gcc -Wall -O0 -g3 -c -fmessage-length=0 -MT"src/main.o" -I../../test_bsp/microblaze_0/include -mlittle-endian -mcpu=v11.0 -mxl-soft-mul -Wl,--no-relax -ffunction-sections -fdata-sections -MMD -MP -MF"src/main.d" -MT"src/main.o" -o "src/main.o" "../src/main.c"
In file included from ../src/main.c:8:0:
../src/main.c: In function 'DemoInitialize':
../../test_bsp/microblaze_0/include/xparameters.h:591:38: warning: large integer implicitly truncated to unsigned type [-Woverflow]
 #define XPAR_AXI_UARTLITE_0_BASEADDR 0x40600000
                                      ^
../src/main.c:15:29: note: in expansion of macro 'XPAR_AXI_UARTLITE_0_BASEADDR'
 #define HOST_UART_DEVICE_ID XPAR_AXI_UARTLITE_0_BASEADDR
                             ^~~~~~~~~~~~~~~~~~~~~~~~~~~~
../src/main.c:57:33: note: in expansion of macro 'HOST_UART_DEVICE_ID'
  CfgPtr = HostUart_LookupConfig(HOST_UART_DEVICE_ID);
                                 ^~~~~~~~~~~~~~~~~~~
../src/main.c: In function 'DemoRun':
../src/main.c:122:42: warning: pointer targets in passing argument 1 of 'strlen' differ in signedness [-Wpointer-sign]
  ESP32_SendBuffer(&myESP32, cmd3, strlen(cmd3));
                                          ^~~~
In file included from c:\xilinx\sdk\2018.3\gnu\microblaze\nt\microblaze-xilinx-elf\include\ctype.h:4:0,
                 from ../../test_bsp/microblaze_0/include/xil_printf.h:8,
                 from ../src/main.c:9:
c:\xilinx\sdk\2018.3\gnu\microblaze\nt\microblaze-xilinx-elf\include\string.h:33:9: note: expected 'const char *' but argument is of type 'u8 * {aka unsigned char *}'
 size_t  _EXFUN(strlen,(const char *));
         ^
'Finished building: ../src/main.c'
' '
'Building target: test.elf'
'Invoking: MicroBlaze gcc linker'
mb-gcc -Wl,-T -Wl,../src/lscript.ld -L../../test_bsp/microblaze_0/lib -mlittle-endian -mcpu=v11.0 -mxl-soft-mul -Wl,--no-relax -Wl,--gc-sections -o "test.elf"  ./src/main.o ./src/main2.o   -Wl,--start-group,-lxil,-lgcc,-lc,--end-group
'Finished building target: test.elf'
' '
'Invoking: MicroBlaze Print Size'
mb-size test.elf  |tee "test.elf.size"
   text	   data	    bss	    dec	    hex	filename
  10684	    340	   2296	  13320	   3408	test.elf
'Finished building: test.elf.size'
' '
10:42:31 **** Auto Build of configuration Debug for project test ****
make all 
'Building file: ../src/main.c'
'Invoking: MicroBlaze gcc compiler'
mb-gcc -Wall -O0 -g3 -c -fmessage-length=0 -MT"src/main.o" -I../../test_bsp/microblaze_0/include -mlittle-endian -mcpu=v11.0 -mxl-soft-mul -Wl,--no-relax -ffunction-sections -fdata-sections -MMD -MP -MF"src/main.d" -MT"src/main.o" -o "src/main.o" "../src/main.c"
In file included from ../src/main.c:8:0:
../src/main.c: In function 'DemoInitialize':
../../test_bsp/microblaze_0/include/xparameters.h:591:38: warning: large integer implicitly truncated to unsigned type [-Woverflow]
 #define XPAR_AXI_UARTLITE_0_BASEADDR 0x40600000
                                      ^
../src/main.c:15:29: note: in expansion of macro 'XPAR_AXI_UARTLITE_0_BASEADDR'
 #define HOST_UART_DEVICE_ID XPAR_AXI_UARTLITE_0_BASEADDR
                             ^~~~~~~~~~~~~~~~~~~~~~~~~~~~
../src/main.c:57:33: note: in expansion of macro 'HOST_UART_DEVICE_ID'
  CfgPtr = HostUart_LookupConfig(HOST_UART_DEVICE_ID);
                                 ^~~~~~~~~~~~~~~~~~~
../src/main.c: In function 'DemoRun':
../src/main.c:122:42: warning: pointer targets in passing argument 1 of 'strlen' differ in signedness [-Wpointer-sign]
  ESP32_SendBuffer(&myESP32, cmd3, strlen(cmd3));
                                          ^~~~
In file included from c:\xilinx\sdk\2018.3\gnu\microblaze\nt\microblaze-xilinx-elf\include\ctype.h:4:0,
                 from ../../test_bsp/microblaze_0/include/xil_printf.h:8,
                 from ../src/main.c:9:
c:\xilinx\sdk\2018.3\gnu\microblaze\nt\microblaze-xilinx-elf\include\string.h:33:9: note: expected 'const char *' but argument is of type 'u8 * {aka unsigned char *}'
 size_t  _EXFUN(strlen,(const char *));
         ^
'Finished building: ../src/main.c'
' '
'Building target: test.elf'
'Invoking: MicroBlaze gcc linker'
mb-gcc -Wl,-T -Wl,../src/lscript.ld -L../../test_bsp/microblaze_0/lib -mlittle-endian -mcpu=v11.0 -mxl-soft-mul -Wl,--no-relax -Wl,--gc-sections -o "test.elf"  ./src/main.o ./src/main2.o   -Wl,--start-group,-lxil,-lgcc,-lc,--end-group
'Finished building target: test.elf'
' '
'Invoking: MicroBlaze Print Size'
mb-size test.elf  |tee "test.elf.size"
   text	   data	    bss	    dec	    hex	filename
  10724	    340	   2296	  13360	   3430	test.elf
'Finished building: test.elf.size'
' '
10:42:35 **** Auto Build of configuration Debug for project test ****
make all 
'Building file: ../src/main.c'
'Invoking: MicroBlaze gcc compiler'
mb-gcc -Wall -O0 -g3 -c -fmessage-length=0 -MT"src/main.o" -I../../test_bsp/microblaze_0/include -mlittle-endian -mcpu=v11.0 -mxl-soft-mul -Wl,--no-relax -ffunction-sections -fdata-sections -MMD -MP -MF"src/main.d" -MT"src/main.o" -o "src/main.o" "../src/main.c"
In file included from ../src/main.c:8:0:
../src/main.c: In function 'DemoInitialize':
../../test_bsp/microblaze_0/include/xparameters.h:591:38: warning: large integer implicitly truncated to unsigned type [-Woverflow]
 #define XPAR_AXI_UARTLITE_0_BASEADDR 0x40600000
                                      ^
../src/main.c:15:29: note: in expansion of macro 'XPAR_AXI_UARTLITE_0_BASEADDR'
 #define HOST_UART_DEVICE_ID XPAR_AXI_UARTLITE_0_BASEADDR
                             ^~~~~~~~~~~~~~~~~~~~~~~~~~~~
../src/main.c:57:33: note: in expansion of macro 'HOST_UART_DEVICE_ID'
  CfgPtr = HostUart_LookupConfig(HOST_UART_DEVICE_ID);
                                 ^~~~~~~~~~~~~~~~~~~
../src/main.c: In function 'DemoRun':
../src/main.c:122:42: warning: pointer targets in passing argument 1 of 'strlen' differ in signedness [-Wpointer-sign]
  ESP32_SendBuffer(&myESP32, cmd3, strlen(cmd3));
                                          ^~~~
In file included from c:\xilinx\sdk\2018.3\gnu\microblaze\nt\microblaze-xilinx-elf\include\ctype.h:4:0,
                 from ../../test_bsp/microblaze_0/include/xil_printf.h:8,
                 from ../src/main.c:9:
c:\xilinx\sdk\2018.3\gnu\microblaze\nt\microblaze-xilinx-elf\include\string.h:33:9: note: expected 'const char *' but argument is of type 'u8 * {aka unsigned char *}'
 size_t  _EXFUN(strlen,(const char *));
         ^
'Finished building: ../src/main.c'
' '
'Building target: test.elf'
'Invoking: MicroBlaze gcc linker'
mb-gcc -Wl,-T -Wl,../src/lscript.ld -L../../test_bsp/microblaze_0/lib -mlittle-endian -mcpu=v11.0 -mxl-soft-mul -Wl,--no-relax -Wl,--gc-sections -o "test.elf"  ./src/main.o ./src/main2.o   -Wl,--start-group,-lxil,-lgcc,-lc,--end-group
'Finished building target: test.elf'
' '
'Invoking: MicroBlaze Print Size'
mb-size test.elf  |tee "test.elf.size"
   text	   data	    bss	    dec	    hex	filename
  10724	    340	   2296	  13360	   3430	test.elf
'Finished building: test.elf.size'
' '
10:43:11 **** Auto Build of configuration Debug for project test ****
make all 
'Building file: ../src/main.c'
'Invoking: MicroBlaze gcc compiler'
mb-gcc -Wall -O0 -g3 -c -fmessage-length=0 -MT"src/main.o" -I../../test_bsp/microblaze_0/include -mlittle-endian -mcpu=v11.0 -mxl-soft-mul -Wl,--no-relax -ffunction-sections -fdata-sections -MMD -MP -MF"src/main.d" -MT"src/main.o" -o "src/main.o" "../src/main.c"
In file included from ../src/main.c:8:0:
../src/main.c: In function 'DemoInitialize':
../../test_bsp/microblaze_0/include/xparameters.h:591:38: warning: large integer implicitly truncated to unsigned type [-Woverflow]
 #define XPAR_AXI_UARTLITE_0_BASEADDR 0x40600000
                                      ^
../src/main.c:15:29: note: in expansion of macro 'XPAR_AXI_UARTLITE_0_BASEADDR'
 #define HOST_UART_DEVICE_ID XPAR_AXI_UARTLITE_0_BASEADDR
                             ^~~~~~~~~~~~~~~~~~~~~~~~~~~~
../src/main.c:57:33: note: in expansion of macro 'HOST_UART_DEVICE_ID'
  CfgPtr = HostUart_LookupConfig(HOST_UART_DEVICE_ID);
                                 ^~~~~~~~~~~~~~~~~~~
../src/main.c: In function 'DemoRun':
[...]
'Finished building target: test.elf'
' '
'Invoking: MicroBlaze Print Size'
mb-size test.elf  |tee "test.elf.size"
   text	   data	    bss	    dec	    hex	filename
  10460	    340	   2296	  13096	   3328	test.elf
'Finished building: test.elf.size'
' '
10:43:13 **** Auto Build of configuration Debug for project test ****
make all 
'Building file: ../src/main.c'
'Invoking: MicroBlaze gcc compiler'
mb-gcc -Wall -O0 -g3 -c -fmessage-length=0 -MT"src/main.o" -I../../test_bsp/microblaze_0/include -mlittle-endian -mcpu=v11.0 -mxl-soft-mul -Wl,--no-relax -ffunction-sections -fdata-sections -MMD -MP -MF"src/main.d" -MT"src/main.o" -o "src/main.o" "../src/main.c"
In file included from ../src/main.c:8:0:
../src/main.c: In function 'DemoInitialize':
../../test_bsp/microblaze_0/include/xparameters.h:591:38: warning: large integer implicitly truncated to unsigned type [-Woverflow]
 #define XPAR_AXI_UARTLITE_0_BASEADDR 0x40600000
                                      ^
../src/main.c:15:29: note: in expansion of macro 'XPAR_AXI_UARTLITE_0_BASEADDR'
 #define HOST_UART_DEVICE_ID XPAR_AXI_UARTLITE_0_BASEADDR
                             ^~~~~~~~~~~~~~~~~~~~~~~~~~~~
../src/main.c:57:33: note: in expansion of macro 'HOST_UART_DEVICE_ID'
  CfgPtr = HostUart_LookupConfig(HOST_UART_DEVICE_ID);
                                 ^~~~~~~~~~~~~~~~~~~
../src/main.c: In function 'DemoRun':
../src/main.c:122:42: warning: pointer targets in passing argument 1 of 'strlen' differ in signedness [-Wpointer-sign]
  ESP32_SendBuffer(&myESP32, cmd3, strlen(cmd3));
                                          ^~~~
In file included from c:\xilinx\sdk\2018.3\gnu\microblaze\nt\microblaze-xilinx-elf\include\ctype.h:4:0,
                 from ../../test_bsp/microblaze_0/include/xil_printf.h:8,
                 from ../src/main.c:9:
c:\xilinx\sdk\2018.3\gnu\microblaze\nt\microblaze-xilinx-elf\include\string.h:33:9: note: expected 'const char *' but argument is of type 'u8 * {aka unsigned char *}'
 size_t  _EXFUN(strlen,(const char *));
         ^
'Finished building: ../src/main.c'
' '
'Building target: test.elf'
'Invoking: MicroBlaze gcc linker'
mb-gcc -Wl,-T -Wl,../src/lscript.ld -L../../test_bsp/microblaze_0/lib -mlittle-endian -mcpu=v11.0 -mxl-soft-mul -Wl,--no-relax -Wl,--gc-sections -o "test.elf"  ./src/main.o ./src/main2.o   -Wl,--start-group,-lxil,-lgcc,-lc,--end-group
'Finished building target: test.elf'
' '
'Invoking: MicroBlaze Print Size'
mb-size test.elf  |tee "test.elf.size"
   text	   data	    bss	    dec	    hex	filename
  10480	    340	   2292	  13112	   3338	test.elf
'Finished building: test.elf.size'
' '
10:43:16 **** Auto Build of configuration Debug for project test ****
make all 
'Building file: ../src/main.c'
'Invoking: MicroBlaze gcc compiler'
mb-gcc -Wall -O0 -g3 -c -fmessage-length=0 -MT"src/main.o" -I../../test_bsp/microblaze_0/include -mlittle-endian -mcpu=v11.0 -mxl-soft-mul -Wl,--no-relax -ffunction-sections -fdata-sections -MMD -MP -MF"src/main.d" -MT"src/main.o" -o "src/main.o" "../src/main.c"
In file included from ../src/main.c:8:0:
../src/main.c: In function 'DemoInitialize':
../../test_bsp/microblaze_0/include/xparameters.h:591:38: warning: large integer implicitly truncated to unsigned type [-Woverflow]
 #define XPAR_AXI_UARTLITE_0_BASEADDR 0x40600000
                                      ^
../src/main.c:15:29: note: in expansion of macro 'XPAR_AXI_UARTLITE_0_BASEADDR'
 #define HOST_UART_DEVICE_ID XPAR_AXI_UARTLITE_0_BASEADDR
                             ^~~~~~~~~~~~~~~~~~~~~~~~~~~~
../src/main.c:57:33: note: in expansion of macro 'HOST_UART_DEVICE_ID'
  CfgPtr = HostUart_LookupConfig(HOST_UART_DEVICE_ID);
                                 ^~~~~~~~~~~~~~~~~~~
../src/main.c: In function 'DemoRun':
../src/main.c:122:42: warning: pointer targets in passing argument 1 of 'strlen' differ in signedness [-Wpointer-sign]
  ESP32_SendBuffer(&myESP32, cmd3, strlen(cmd3));
                                          ^~~~
In file included from c:\xilinx\sdk\2018.3\gnu\microblaze\nt\microblaze-xilinx-elf\include\ctype.h:4:0,
                 from ../../test_bsp/microblaze_0/include/xil_printf.h:8,
                 from ../src/main.c:9:
c:\xilinx\sdk\2018.3\gnu\microblaze\nt\microblaze-xilinx-elf\include\string.h:33:9: note: expected 'const char *' but argument is of type 'u8 * {aka unsigned char *}'
 size_t  _EXFUN(strlen,(const char *));
         ^
../src/main.c:175:6: warning: unused variable 'get_cmd' [-Wunused-variable]
   u8 get_cmd[] = "get\n";
      ^~~~~~~
'Finished building: ../src/main.c'
' '
'Building target: test.elf'
'Invoking: MicroBlaze gcc linker'
mb-gcc -Wl,-T -Wl,../src/lscript.ld -L../../test_bsp/microblaze_0/lib -mlittle-endian -mcpu=v11.0 -mxl-soft-mul -Wl,--no-relax -Wl,--gc-sections -o "test.elf"  ./src/main.o ./src/main2.o   -Wl,--start-group,-lxil,-lgcc,-lc,--end-group
'Finished building target: test.elf'
' '
'Invoking: MicroBlaze Print Size'
mb-size test.elf  |tee "test.elf.size"
   text	   data	    bss	    dec	    hex	filename
  10480	    340	   2292	  13112	   3338	test.elf
'Finished building: test.elf.size'
' '
10:43:20 **** Auto Build of configuration Debug for project test ****
make all 
'Building file: ../src/main.c'
'Invoking: MicroBlaze gcc compiler'
mb-gcc -Wall -O0 -g3 -c -fmessage-length=0 -MT"src/main.o" -I../../test_bsp/microblaze_0/include -mlittle-endian -mcpu=v11.0 -mxl-soft-mul -Wl,--no-relax -ffunction-sections -fdata-sections -MMD -MP -MF"src/main.d" -MT"src/main.o" -o "src/main.o" "../src/main.c"
In file included from ../src/main.c:8:0:
../src/main.c: In function 'DemoInitialize':
../../test_bsp/microblaze_0/include/xparameters.h:591:38: warning: large integer implicitly truncated to unsigned type [-Woverflow]
 #define XPAR_AXI_UARTLITE_0_BASEADDR 0x40600000
                                      ^
../src/main.c:15:29: note: in expansion of macro 'XPAR_AXI_UARTLITE_0_BASEADDR'
 #define HOST_UART_DEVICE_ID XPAR_AXI_UARTLITE_0_BASEADDR
                             ^~~~~~~~~~~~~~~~~~~~~~~~~~~~
../src/main.c:57:33: note: in expansion of macro 'HOST_UART_DEVICE_ID'
  CfgPtr = HostUart_LookupConfig(HOST_UART_DEVICE_ID);
                                 ^~~~~~~~~~~~~~~~~~~
../src/main.c: In function 'DemoRun':
../src/main.c:122:42: warning: pointer targets in passing argument 1 of 'strlen' differ in signedness [-Wpointer-sign]
  ESP32_SendBuffer(&myESP32, cmd3, strlen(cmd3));
                                          ^~~~
In file included from c:\xilinx\sdk\2018.3\gnu\microblaze\nt\microblaze-xilinx-elf\include\ctype.h:4:0,
                 from ../../test_bsp/microblaze_0/include/xil_printf.h:8,
                 from ../src/main.c:9:
c:\xilinx\sdk\2018.3\gnu\microblaze\nt\microblaze-xilinx-elf\include\string.h:33:9: note: expected 'const char *' but argument is of type 'u8 * {aka unsigned char *}'
 size_t  _EXFUN(strlen,(const char *));
         ^
'Finished building: ../src/main.c'
' '
'Building target: test.elf'
'Invoking: MicroBlaze gcc linker'
mb-gcc -Wl,-T -Wl,../src/lscript.ld -L../../test_bsp/microblaze_0/lib -mlittle-endian -mcpu=v11.0 -mxl-soft-mul -Wl,--no-relax -Wl,--gc-sections -o "test.elf"  ./src/main.o ./src/main2.o   -Wl,--start-group,-lxil,-lgcc,-lc,--end-group
'Finished building target: test.elf'
' '
'Invoking: MicroBlaze Print Size'
mb-size test.elf  |tee "test.elf.size"
   text	   data	    bss	    dec	    hex	filename
  10480	    340	   2292	  13112	   3338	test.elf
'Finished building: test.elf.size'
' '
10:44:28 **** Auto Build of configuration Debug for project test ****
make all 
'Building file: ../src/main.c'
'Invoking: MicroBlaze gcc compiler'
mb-gcc -Wall -O0 -g3 -c -fmessage-length=0 -MT"src/main.o" -I../../test_bsp/microblaze_0/include -mlittle-endian -mcpu=v11.0 -mxl-soft-mul -Wl,--no-relax -ffunction-sections -fdata-sections -MMD -MP -MF"src/main.d" -MT"src/main.o" -o "src/main.o" "../src/main.c"
In file included from ../src/main.c:8:0:
../src/main.c: In function 'DemoInitialize':
../../test_bsp/microblaze_0/include/xparameters.h:591:38: warning: large integer implicitly truncated to unsigned type [-Woverflow]
 #define XPAR_AXI_UARTLITE_0_BASEADDR 0x40600000
                                      ^
../src/main.c:15:29: note: in expansion of macro 'XPAR_AXI_UARTLITE_0_BASEADDR'
 #define HOST_UART_DEVICE_ID XPAR_AXI_UARTLITE_0_BASEADDR
                             ^~~~~~~~~~~~~~~~~~~~~~~~~~~~
../src/main.c:57:33: note: in expansion of macro 'HOST_UART_DEVICE_ID'
  CfgPtr = HostUart_LookupConfig(HOST_UART_DEVICE_ID);
                                 ^~~~~~~~~~~~~~~~~~~
../src/main.c: In function 'DemoRun':
../src/main.c:122:42: warning: pointer targets in passing argument 1 of 'strlen' differ in signedness [-Wpointer-sign]
  ESP32_SendBuffer(&myESP32, cmd3, strlen(cmd3));
                                          ^~~~
In file included from c:\xilinx\sdk\2018.3\gnu\microblaze\nt\microblaze-xilinx-elf\include\ctype.h:4:0,
                 from ../../test_bsp/microblaze_0/include/xil_printf.h:8,
                 from ../src/main.c:9:
c:\xilinx\sdk\2018.3\gnu\microblaze\nt\microblaze-xilinx-elf\include\string.h:33:9: note: expected 'const char *' but argument is of type 'u8 * {aka unsigned char *}'
 size_t  _EXFUN(strlen,(const char *));
         ^
'Finished building: ../src/main.c'
' '
'Building target: test.elf'
'Invoking: MicroBlaze gcc linker'
mb-gcc -Wl,-T -Wl,../src/lscript.ld -L../../test_bsp/microblaze_0/lib -mlittle-endian -mcpu=v11.0 -mxl-soft-mul -Wl,--no-relax -Wl,--gc-sections -o "test.elf"  ./src/main.o ./src/main2.o   -Wl,--start-group,-lxil,-lgcc,-lc,--end-group
'Finished building target: test.elf'
' '
'Invoking: MicroBlaze Print Size'
mb-size test.elf  |tee "test.elf.size"
   text	   data	    bss	    dec	    hex	filename
  10468	    340	   2296	  13104	   3330	test.elf
'Finished building: test.elf.size'
' '
10:45:42 **** Auto Build of configuration Debug for project test ****
make all 
'Building file: ../src/main.c'
'Invoking: MicroBlaze gcc compiler'
mb-gcc -Wall -O0 -g3 -c -fmessage-length=0 -MT"src/main.o" -I../../test_bsp/microblaze_0/include -mlittle-endian -mcpu=v11.0 -mxl-soft-mul -Wl,--no-relax -ffunction-sections -fdata-sections -MMD -MP -MF"src/main.d" -MT"src/main.o" -o "src/main.o" "../src/main.c"
In file included from ../src/main.c:8:0:
../src/main.c: In function 'DemoInitialize':
../../test_bsp/microblaze_0/include/xparameters.h:591:38: warning: large integer implicitly truncated to unsigned type [-Woverflow]
 #define XPAR_AXI_UARTLITE_0_BASEADDR 0x40600000
                                      ^
../src/main.c:15:29: note: in expansion of macro 'XPAR_AXI_UARTLITE_0_BASEADDR'
 #define HOST_UART_DEVICE_ID XPAR_AXI_UARTLITE_0_BASEADDR
                             ^~~~~~~~~~~~~~~~~~~~~~~~~~~~
../src/main.c:57:33: note: in expansion of macro 'HOST_UART_DEVICE_ID'
  CfgPtr = HostUart_LookupConfig(HOST_UART_DEVICE_ID);
                                 ^~~~~~~~~~~~~~~~~~~
../src/main.c: In function 'DemoRun':
../src/main.c:122:42: warning: pointer targets in passing argument 1 of 'strlen' differ in signedness [-Wpointer-sign]
  ESP32_SendBuffer(&myESP32, cmd3, strlen(cmd3));
                                          ^~~~
In file included from c:\xilinx\sdk\2018.3\gnu\microblaze\nt\microblaze-xilinx-elf\include\ctype.h:4:0,
                 from ../../test_bsp/microblaze_0/include/xil_printf.h:8,
                 from ../src/main.c:9:
c:\xilinx\sdk\2018.3\gnu\microblaze\nt\microblaze-xilinx-elf\include\string.h:33:9: note: expected 'const char *' but argument is of type 'u8 * {aka unsigned char *}'
 size_t  _EXFUN(strlen,(const char *));
         ^
'Finished building: ../src/main.c'
' '
'Building target: test.elf'
'Invoking: MicroBlaze gcc linker'
mb-gcc -Wl,-T -Wl,../src/lscript.ld -L../../test_bsp/microblaze_0/lib -mlittle-endian -mcpu=v11.0 -mxl-soft-mul -Wl,--no-relax -Wl,--gc-sections -o "test.elf"  ./src/main.o ./src/main2.o   -Wl,--start-group,-lxil,-lgcc,-lc,--end-group
'Finished building target: test.elf'
' '
'Invoking: MicroBlaze Print Size'
mb-size test.elf  |tee "test.elf.size"
   text	   data	    bss	    dec	    hex	filename
  10476	    340	   2296	  13112	   3338	test.elf
'Finished building: test.elf.size'
' '
10:46:01 **** Incremental Build of configuration Debug for project test ****
make all 
make: Nothing to be done for 'all'.
10:46:26 **** Incremental Build of configuration Debug for project test ****
make all 
make: Nothing to be done for 'all'.
10:47:24 **** Auto Build of configuration Debug for project test ****
make all 
'Building file: ../src/main.c'
'Invoking: MicroBlaze gcc compiler'
mb-gcc -Wall -O0 -g3 -c -fmessage-length=0 -MT"src/main.o" -I../../test_bsp/microblaze_0/include -mlittle-endian -mcpu=v11.0 -mxl-soft-mul -Wl,--no-relax -ffunction-sections -fdata-sections -MMD -MP -MF"src/main.d" -MT"src/main.o" -o "src/main.o" "../src/main.c"
In file included from ../src/main.c:8:0:
../src/main.c: In function 'DemoInitialize':
../../test_bsp/microblaze_0/include/xparameters.h:591:38: warning: large integer implicitly truncated to unsigned type [-Woverflow]
 #define XPAR_AXI_UARTLITE_0_BASEADDR 0x40600000
                                      ^
../src/main.c:15:29: note: in expansion of macro 'XPAR_AXI_UARTLITE_0_BASEADDR'
 #define HOST_UART_DEVICE_ID XPAR_AXI_UARTLITE_0_BASEADDR
                             ^~~~~~~~~~~~~~~~~~~~~~~~~~~~
../src/main.c:57:33: note: in expansion of macro 'HOST_UART_DEVICE_ID'
  CfgPtr = HostUart_LookupConfig(HOST_UART_DEVICE_ID);
                                 ^~~~~~~~~~~~~~~~~~~
../src/main.c: In function 'DemoRun':
../src/main.c:122:42: warning: pointer targets in passing argument 1 of 'strlen' differ in signedness [-Wpointer-sign]
  ESP32_SendBuffer(&myESP32, cmd3, strlen(cmd3));
                                          ^~~~
In file included from c:\xilinx\sdk\2018.3\gnu\microblaze\nt\microblaze-xilinx-elf\include\ctype.h:4:0,
                 from ../../test_bsp/microblaze_0/include/xil_printf.h:8,
                 from ../src/main.c:9:
c:\xilinx\sdk\2018.3\gnu\microblaze\nt\microblaze-xilinx-elf\include\string.h:33:9: note: expected 'const char *' but argument is of type 'u8 * {aka unsigned char *}'
 size_t  _EXFUN(strlen,(const char *));
         ^
'Finished building: ../src/main.c'
' '
'Building target: test.elf'
'Invoking: MicroBlaze gcc linker'
mb-gcc -Wl,-T -Wl,../src/lscript.ld -L../../test_bsp/microblaze_0/lib -mlittle-endian -mcpu=v11.0 -mxl-soft-mul -Wl,--no-relax -Wl,--gc-sections -o "test.elf"  ./src/main.o ./src/main2.o   -Wl,--start-group,-lxil,-lgcc,-lc,--end-group
'Finished building target: test.elf'
' '
'Invoking: MicroBlaze Print Size'
mb-size test.elf  |tee "test.elf.size"
   text	   data	    bss	    dec	    hex	filename
  10504	    340	   2292	  13136	   3350	test.elf
'Finished building: test.elf.size'
' '
10:47:48 **** Incremental Build of configuration Debug for project test ****
make all 
make: Nothing to be done for 'all'.
10:48:41 **** Auto Build of configuration Debug for project test ****
make all 
'Building file: ../src/main.c'
'Invoking: MicroBlaze gcc compiler'
mb-gcc -Wall -O0 -g3 -c -fmessage-length=0 -MT"src/main.o" -I../../test_bsp/microblaze_0/include -mlittle-endian -mcpu=v11.0 -mxl-soft-mul -Wl,--no-relax -ffunction-sections -fdata-sections -MMD -MP -MF"src/main.d" -MT"src/main.o" -o "src/main.o" "../src/main.c"
In file included from ../src/main.c:8:0:
../src/main.c: In function 'DemoInitialize':
../../test_bsp/microblaze_0/include/xparameters.h:591:38: warning: large integer implicitly truncated to unsigned type [-Woverflow]
 #define XPAR_AXI_UARTLITE_0_BASEADDR 0x40600000
                                      ^
../src/main.c:15:29: note: in expansion of macro 'XPAR_AXI_UARTLITE_0_BASEADDR'
 #define HOST_UART_DEVICE_ID XPAR_AXI_UARTLITE_0_BASEADDR
                             ^~~~~~~~~~~~~~~~~~~~~~~~~~~~
../src/main.c:57:33: note: in expansion of macro 'HOST_UART_DEVICE_ID'
  CfgPtr = HostUart_LookupConfig(HOST_UART_DEVICE_ID);
                                 ^~~~~~~~~~~~~~~~~~~
../src/main.c: In function 'DemoRun':
../src/main.c:122:42: warning: pointer targets in passing argument 1 of 'strlen' differ in signedness [-Wpointer-sign]
  ESP32_SendBuffer(&myESP32, cmd3, strlen(cmd3));
                                          ^~~~
In file included from c:\xilinx\sdk\2018.3\gnu\microblaze\nt\microblaze-xilinx-elf\include\ctype.h:4:0,
                 from ../../test_bsp/microblaze_0/include/xil_printf.h:8,
                 from ../src/main.c:9:
c:\xilinx\sdk\2018.3\gnu\microblaze\nt\microblaze-xilinx-elf\include\string.h:33:9: note: expected 'const char *' but argument is of type 'u8 * {aka unsigned char *}'
 size_t  _EXFUN(strlen,(const char *));
         ^
'Finished building: ../src/main.c'
' '
'Building target: test.elf'
'Invoking: MicroBlaze gcc linker'
mb-gcc -Wl,-T -Wl,../src/lscript.ld -L../../test_bsp/microblaze_0/lib -mlittle-endian -mcpu=v11.0 -mxl-soft-mul -Wl,--no-relax -Wl,--gc-sections -o "test.elf"  ./src/main.o ./src/main2.o   -Wl,--start-group,-lxil,-lgcc,-lc,--end-group
'Finished building target: test.elf'
' '
'Invoking: MicroBlaze Print Size'
mb-size test.elf  |tee "test.elf.size"
   text	   data	    bss	    dec	    hex	filename
  10384	    340	   2292	  13016	   32d8	test.elf
'Finished building: test.elf.size'
' '
10:48:45 **** Auto Build of configuration Debug for project test ****
make all 
'Building file: ../src/main.c'
'Invoking: MicroBlaze gcc compiler'
mb-gcc -Wall -O0 -g3 -c -fmessage-length=0 -MT"src/main.o" -I../../test_bsp/microblaze_0/include -mlittle-endian -mcpu=v11.0 -mxl-soft-mul -Wl,--no-relax -ffunction-sections -fdata-sections -MMD -MP -MF"src/main.d" -MT"src/main.o" -o "src/main.o" "../src/main.c"
In file included from ../src/main.c:8:0:
../src/main.c: In function 'DemoInitialize':
../../test_bsp/microblaze_0/include/xparameters.h:591:38: warning: large integer implicitly truncated to unsigned type [-Woverflow]
 #define XPAR_AXI_UARTLITE_0_BASEADDR 0x40600000
                                      ^
../src/main.c:15:29: note: in expansion of macro 'XPAR_AXI_UARTLITE_0_BASEADDR'
 #define HOST_UART_DEVICE_ID XPAR_AXI_UARTLITE_0_BASEADDR
                             ^~~~~~~~~~~~~~~~~~~~~~~~~~~~
../src/main.c:57:33: note: in expansion of macro 'HOST_UART_DEVICE_ID'
  CfgPtr = HostUart_LookupConfig(HOST_UART_DEVICE_ID);
                                 ^~~~~~~~~~~~~~~~~~~
../src/main.c: In function 'DemoRun':
../src/main.c:122:42: warning: pointer targets in passing argument 1 of 'strlen' differ in signedness [-Wpointer-sign]
  ESP32_SendBuffer(&myESP32, cmd3, strlen(cmd3));
                                          ^~~~
In file included from c:\xilinx\sdk\2018.3\gnu\microblaze\nt\microblaze-xilinx-elf\include\ctype.h:4:0,
                 from ../../test_bsp/microblaze_0/include/xil_printf.h:8,
                 from ../src/main.c:9:
c:\xilinx\sdk\2018.3\gnu\microblaze\nt\microblaze-xilinx-elf\include\string.h:33:9: note: expected 'const char *' but argument is of type 'u8 * {aka unsigned char *}'
 size_t  _EXFUN(strlen,(const char *));
         ^
'Finished building: ../src/main.c'
' '
'Building target: test.elf'
'Invoking: MicroBlaze gcc linker'
mb-gcc -Wl,-T -Wl,../src/lscript.ld -L../../test_bsp/microblaze_0/lib -mlittle-endian -mcpu=v11.0 -mxl-soft-mul -Wl,--no-relax -Wl,--gc-sections -o "test.elf"  ./src/main.o ./src/main2.o   -Wl,--start-group,-lxil,-lgcc,-lc,--end-group
'Finished building target: test.elf'
' '
'Invoking: MicroBlaze Print Size'
mb-size test.elf  |tee "test.elf.size"
   text	   data	    bss	    dec	    hex	filename
  10504	    340	   2292	  13136	   3350	test.elf
'Finished building: test.elf.size'
' '
10:48:47 **** Incremental Build of configuration Debug for project test ****
make all 
make: Nothing to be done for 'all'.
10:51:07 **** Incremental Build of configuration Debug for project test ****
make all 
make: Nothing to be done for 'all'.
